
Discarded input sections

 .group         0x00000000        0xc build/motortest/motor_test.o
 .group         0x00000000        0xc build/motortest/motor_test.o
 .group         0x00000000        0xc build/motortest/motor_test.o
 .group         0x00000000        0xc build/motortest/motor_test.o
 .group         0x00000000        0xc build/motortest/motor_test.o
 .group         0x00000000        0xc build/motortest/motor_test.o
 .group         0x00000000        0xc build/motortest/motor_test.o
 .group         0x00000000        0xc build/motortest/motor_test.o
 .text          0x00000000        0x0 build/motortest/motor_test.o
 .data          0x00000000        0x0 build/motortest/motor_test.o
 .bss           0x00000000        0x0 build/motortest/motor_test.o
 .text.delay_ms
                0x00000000        0x4 build/motortest/motor_test.o
 .text.encoder1_callback
                0x00000000        0x4 build/motortest/motor_test.o
 .text.encoder2_callback
                0x00000000        0x4 build/motortest/motor_test.o
 .comment       0x00000000       0x46 build/motortest/motor_test.o
 .group         0x00000000        0xc build/motortest/motor.o
 .group         0x00000000        0xc build/motortest/motor.o
 .group         0x00000000        0xc build/motortest/motor.o
 .group         0x00000000        0xc build/motortest/motor.o
 .group         0x00000000        0xc build/motortest/motor.o
 .group         0x00000000        0xc build/motortest/motor.o
 .group         0x00000000        0xc build/motortest/motor.o
 .group         0x00000000        0xc build/motortest/motor.o
 .group         0x00000000        0xc build/motortest/motor.o
 .text          0x00000000        0x0 build/motortest/motor.o
 .data          0x00000000        0x0 build/motortest/motor.o
 .bss           0x00000000        0x0 build/motortest/motor.o
 .debug_macro   0x00000000      0xaea build/motortest/motor.o
 .debug_macro   0x00000000       0x22 build/motortest/motor.o
 .debug_macro   0x00000000       0x8e build/motortest/motor.o
 .debug_macro   0x00000000       0x51 build/motortest/motor.o
 .debug_macro   0x00000000      0x103 build/motortest/motor.o
 .debug_macro   0x00000000       0x6a build/motortest/motor.o
 .debug_macro   0x00000000      0x1df build/motortest/motor.o
 .comment       0x00000000       0x46 build/motortest/motor.o
 .group         0x00000000        0xc build/motortest/startup_gcc_nrf52833.o
 .group         0x00000000        0xc build/motortest/startup_gcc_nrf52833.o
 .group         0x00000000        0xc build/motortest/startup_gcc_nrf52833.o
 .group         0x00000000        0xc build/motortest/startup_gcc_nrf52833.o
 .group         0x00000000        0xc build/motortest/startup_gcc_nrf52833.o
 .group         0x00000000        0xc build/motortest/startup_gcc_nrf52833.o
 .group         0x00000000        0xc build/motortest/startup_gcc_nrf52833.o
 .text          0x00000000        0x0 build/motortest/startup_gcc_nrf52833.o
 .data          0x00000000        0x0 build/motortest/startup_gcc_nrf52833.o
 .bss           0x00000000        0x0 build/motortest/startup_gcc_nrf52833.o
 .debug_macro   0x00000000      0xaea build/motortest/startup_gcc_nrf52833.o
 .debug_macro   0x00000000       0x22 build/motortest/startup_gcc_nrf52833.o
 .debug_macro   0x00000000       0x8e build/motortest/startup_gcc_nrf52833.o
 .debug_macro   0x00000000       0x51 build/motortest/startup_gcc_nrf52833.o
 .debug_macro   0x00000000      0x103 build/motortest/startup_gcc_nrf52833.o
 .debug_macro   0x00000000       0x6a build/motortest/startup_gcc_nrf52833.o
 .debug_macro   0x00000000      0x1df build/motortest/startup_gcc_nrf52833.o
 .comment       0x00000000       0x46 build/motortest/startup_gcc_nrf52833.o
 .group         0x00000000        0xc build/motortest/runtime.o
 .group         0x00000000        0xc build/motortest/runtime.o
 .text          0x00000000        0x0 build/motortest/runtime.o
 .data          0x00000000        0x0 build/motortest/runtime.o
 .bss           0x00000000        0x0 build/motortest/runtime.o
 .text.memcpy   0x00000000       0x14 build/motortest/runtime.o
 .text.memset   0x00000000       0x10 build/motortest/runtime.o
 .debug_info    0x00000000      0x139 build/motortest/runtime.o
 .debug_abbrev  0x00000000       0xcb build/motortest/runtime.o
 .debug_loclists
                0x00000000       0xc5 build/motortest/runtime.o
 .debug_aranges
                0x00000000       0x28 build/motortest/runtime.o
 .debug_rnglists
                0x00000000       0x19 build/motortest/runtime.o
 .debug_macro   0x00000000       0x1a build/motortest/runtime.o
 .debug_macro   0x00000000      0xaea build/motortest/runtime.o
 .debug_macro   0x00000000      0x1a5 build/motortest/runtime.o
 .debug_line    0x00000000       0xf1 build/motortest/runtime.o
 .debug_str     0x00000000     0x32ba build/motortest/runtime.o
 .comment       0x00000000       0x46 build/motortest/runtime.o
 .debug_frame   0x00000000       0x30 build/motortest/runtime.o
 .ARM.attributes
                0x00000000       0x34 build/motortest/runtime.o

Memory Configuration

Name             Origin             Length             Attributes
FLASH            0x00000000         0x00080000         xr
RAM              0x20000000         0x00020000         xrw
*default*        0x00000000         0xffffffff

Linker script and memory map

LOAD build/motortest/motor_test.o
LOAD build/motortest/motor.o
LOAD build/motortest/startup_gcc_nrf52833.o
LOAD build/motortest/runtime.o
LOAD /Applications/ArmGNUToolchain/15.2.rel1/arm-none-eabi/bin/../lib/gcc/arm-none-eabi/15.2.1/thumb/v7e-m+fp/hard/libgcc.a
                0x20020000                        _estack = (ORIGIN (RAM) + LENGTH (RAM))

.isr_vector     0x00000000      0x100
 *(.isr_vector)
 .isr_vector    0x00000000      0x100 build/motortest/startup_gcc_nrf52833.o
                0x00000000                vector_table

.text           0x00000100      0x1c4
 *(.text*)
 .text.startup.main
                0x00000100       0x30 build/motortest/motor_test.o
                0x00000100                main
 .text.motor_init
                0x00000130       0x40 build/motortest/motor.o
                0x00000130                motor_init
 .text.motor_on
                0x00000170       0xc4 build/motortest/motor.o
                0x00000170                motor_on
 .text.motor_off
                0x00000234       0x28 build/motortest/motor.o
                0x00000234                motor_off
 .text.Default_Handler
                0x0000025c        0x4 build/motortest/startup_gcc_nrf52833.o
                0x0000025c                COMP_LPCOMP_IRQHandler
                0x0000025c                DebugMon_Handler
                0x0000025c                RTC0_IRQHandler
                0x0000025c                SWI0_EGU0_IRQHandler
                0x0000025c                HardFault_Handler
                0x0000025c                SWI2_EGU2_IRQHandler
                0x0000025c                SysTick_Handler
                0x0000025c                GPIOTE_IRQHandler
                0x0000025c                PWM1_IRQHandler
                0x0000025c                PendSV_Handler
                0x0000025c                NMI_Handler
                0x0000025c                POWER_CLOCK_IRQHandler
                0x0000025c                RADIO_IRQHandler
                0x0000025c                PDM_IRQHandler
                0x0000025c                TEMP_IRQHandler
                0x0000025c                QDEC_IRQHandler
                0x0000025c                TIMER3_IRQHandler
                0x0000025c                PWM3_IRQHandler
                0x0000025c                FPU_IRQHandler
                0x0000025c                USBD_IRQHandler
                0x0000025c                SPIM0_SPIS0_TWIM0_TWIS0_SPI0_TWI0_IRQHandler
                0x0000025c                UsageFault_Handler
                0x0000025c                UARTE0_UART0_IRQHandler
                0x0000025c                TIMER4_IRQHandler
                0x0000025c                I2S_IRQHandler
                0x0000025c                SWI4_EGU4_IRQHandler
                0x0000025c                TIMER0_IRQHandler
                0x0000025c                UARTE1_IRQHandler
                0x0000025c                TIMER1_IRQHandler
                0x0000025c                SPIM3_IRQHandler
                0x0000025c                PWM2_IRQHandler
                0x0000025c                ECB_IRQHandler
                0x0000025c                SPIM1_SPIS1_TWIM1_TWIS1_SPI1_TWI1_IRQHandler
                0x0000025c                Default_Handler
                0x0000025c                SAADC_IRQHandler
                0x0000025c                CCM_AAR_IRQHandler
                0x0000025c                WDT_IRQHandler
                0x0000025c                SVC_Handler
                0x0000025c                SWI5_EGU5_IRQHandler
                0x0000025c                RNG_IRQHandler
                0x0000025c                RTC2_IRQHandler
                0x0000025c                PWM0_IRQHandler
                0x0000025c                SWI3_EGU3_IRQHandler
                0x0000025c                RTC1_IRQHandler
                0x0000025c                SWI1_EGU1_IRQHandler
                0x0000025c                SPIM2_SPIS2_SPI2_IRQHandler
                0x0000025c                NFCT_IRQHandler
                0x0000025c                BusFault_Handler
                0x0000025c                MWU_IRQHandler
                0x0000025c                MemoryManagement_Handler
                0x0000025c                TIMER2_IRQHandler
 .text.SystemInit
                0x00000260        0x4 build/motortest/startup_gcc_nrf52833.o
                0x00000260                SystemInit
 .text.Reset_Handler
                0x00000264       0x60 build/motortest/startup_gcc_nrf52833.o
                0x00000264                Reset_Handler
 *(.rodata*)
 *(.init)
 *(.fini)
                0x000002c4                        . = ALIGN (0x4)

.glue_7         0x000002c4        0x0
 .glue_7        0x000002c4        0x0 linker stubs

.glue_7t        0x000002c4        0x0
 .glue_7t       0x000002c4        0x0 linker stubs

.vfp11_veneer   0x000002c4        0x0
 .vfp11_veneer  0x000002c4        0x0 linker stubs

.v4_bx          0x000002c4        0x0
 .v4_bx         0x000002c4        0x0 linker stubs

.iplt           0x000002c4        0x0
 .iplt          0x000002c4        0x0 build/motortest/motor_test.o

.rel.dyn        0x000002c4        0x0
 .rel.iplt      0x000002c4        0x0 build/motortest/motor_test.o

.ARM.extab
 *(.ARM.extab* .gnu.linkonce.armextab.*)

.ARM.exidx      0x000002c4        0x0
                0x000002c4                        __exidx_start = .
 *(.ARM.exidx* .gnu.linkonce.armexidx.*)
                0x000002c4                        __exidx_end = .
                0x000002c4                        . = ALIGN (0x4)
                0x000002c4                        _sidata = LOADADDR (.data)

.data           0x20000000        0x0 load address 0x000002c4
                0x20000000                        _sdata = .
 *(.data*)
                0x20000000                        . = ALIGN (0x4)
                0x20000000                        _edata = .

.igot.plt       0x20000000        0x0 load address 0x000002c4
 .igot.plt      0x20000000        0x0 build/motortest/motor_test.o

.bss            0x20000000       0x10 load address 0x000002c4
                0x20000000                        _sbss = .
 *(.bss*)
 .bss.s_sequence.0
                0x20000000        0x8 build/motortest/motor.o
 .bss.countertop
                0x20000008        0x4 build/motortest/motor.o
 .bss.motor_status
                0x2000000c        0x1 build/motortest/motor.o
 *(COMMON)
                0x20000010                        . = ALIGN (0x4)
 *fill*         0x2000000d        0x3 
                0x20000010                        _ebss = .

.heap_stack     0x20000010     0x1800 load address 0x000002c4
                0x20000010                        . = ALIGN (0x8)
                0x20000810                        . = (. + 0x800)
 *fill*         0x20000010      0x800 
                0x20001810                        . = (. + 0x1000)
 *fill*         0x20000810     0x1000 
                0x20001810                        . = ALIGN (0x8)

/DISCARD/
 *(.note*)
 *(.comment*)
OUTPUT(motortest.elf elf32-littlearm)
LOAD linker stubs

.ARM.attributes
                0x00000000       0x34
 .ARM.attributes
                0x00000000       0x34 build/motortest/motor_test.o
 .ARM.attributes
                0x00000034       0x34 build/motortest/motor.o
 .ARM.attributes
                0x00000068       0x34 build/motortest/startup_gcc_nrf52833.o

.debug_info     0x00000000      0x83e
 .debug_info    0x00000000      0x1e7 build/motortest/motor_test.o
 .debug_info    0x000001e7      0x4dd build/motortest/motor.o
 .debug_info    0x000006c4      0x17a build/motortest/startup_gcc_nrf52833.o

.debug_abbrev   0x00000000      0x3f7
 .debug_abbrev  0x00000000      0x14d build/motortest/motor_test.o
 .debug_abbrev  0x0000014d      0x1ad build/motortest/motor.o
 .debug_abbrev  0x000002fa       0xfd build/motortest/startup_gcc_nrf52833.o

.debug_aranges  0x00000000       0x98
 .debug_aranges
                0x00000000       0x38 build/motortest/motor_test.o
 .debug_aranges
                0x00000038       0x30 build/motortest/motor.o
 .debug_aranges
                0x00000068       0x30 build/motortest/startup_gcc_nrf52833.o

.debug_rnglists
                0x00000000       0x64
 .debug_rnglists
                0x00000000       0x25 build/motortest/motor_test.o
 .debug_rnglists
                0x00000025       0x20 build/motortest/motor.o
 .debug_rnglists
                0x00000045       0x1f build/motortest/startup_gcc_nrf52833.o

.debug_macro    0x00000000    0x11f47
 .debug_macro   0x00000000       0x76 build/motortest/motor_test.o
 .debug_macro   0x00000076      0xaea build/motortest/motor_test.o
 .debug_macro   0x00000b60      0x172 build/motortest/motor_test.o
 .debug_macro   0x00000cd2       0x22 build/motortest/motor_test.o
 .debug_macro   0x00000cf4       0x8e build/motortest/motor_test.o
 .debug_macro   0x00000d82       0x51 build/motortest/motor_test.o
 .debug_macro   0x00000dd3      0x103 build/motortest/motor_test.o
 .debug_macro   0x00000ed6       0x6a build/motortest/motor_test.o
 .debug_macro   0x00000f40      0x1df build/motortest/motor_test.o
 .debug_macro   0x0000111f       0x98 build/motortest/motor.o
 .debug_macro   0x000011b7      0x447 build/motortest/motor.o
 .debug_macro   0x000015fe    0x108e0 build/motortest/motor.o
 .debug_macro   0x00011ede       0x69 build/motortest/startup_gcc_nrf52833.o

.debug_line     0x00000000      0x897
 .debug_line    0x00000000      0x26f build/motortest/motor_test.o
 .debug_line    0x0000026f      0x3c1 build/motortest/motor.o
 .debug_line    0x00000630      0x267 build/motortest/startup_gcc_nrf52833.o

.debug_str      0x00000000    0x68e96
 .debug_str     0x00000000    0x68e96 build/motortest/motor_test.o
                               0x4084 (size before relaxing)
 .debug_str     0x00068e96        0x0 build/motortest/motor.o
                              0x69864 (size before relaxing)
 .debug_str     0x00068e96        0x0 build/motortest/startup_gcc_nrf52833.o
                               0x3e83 (size before relaxing)

.debug_frame    0x00000000       0xf4
 .debug_frame   0x00000000       0x58 build/motortest/motor_test.o
 .debug_frame   0x00000058       0x54 build/motortest/motor.o
 .debug_frame   0x000000ac       0x48 build/motortest/startup_gcc_nrf52833.o

.debug_loclists
                0x00000000      0x2e7
 .debug_loclists
                0x00000000      0x2a1 build/motortest/motor.o
 .debug_loclists
                0x000002a1       0x46 build/motortest/startup_gcc_nrf52833.o
