<html>
<body>
<pre>
<h1>µVision Build Log</h1>
<h2>Tool Versions:</h2>
IDE-Version: µVision V5.43.0.0
Copyright (C) 2025 ARM Ltd and ARM Germany GmbH. All rights reserved.
License Information: Ayush Sagar, Student, LIC=----
 
Tool Versions:
Toolchain:       MDK-Lite  Version: 5.43.0.0
Toolchain Path:  D:\KeiluVision_LatestVersion\Core\ARM\ARMCLANG\Bin
C Compiler:      ArmClang.exe V6.24
Assembler:       Armasm.exe V6.24
Linker/Locator:  ArmLink.exe V6.24
Library Manager: ArmAr.exe V6.24
Hex Converter:   FromElf.exe V6.24
CPU DLL:         SARMCM3.DLL V5.43.0.0
Dialog DLL:      DCM.DLL V1.17.5.0
Target DLL:      CMSIS_AGDI.dll V1.33.24.0
Dialog DLL:      TCM.DLL V1.56.6.0
 
<h2>Project:</h2>
D:\Programs\FreeRTOS\RTES_Project_Part2\RTES_Project.uvprojx
Project File Date:  03/12/2026

<h2>Output:</h2>
*** Using Compiler 'V6.24', folder: 'D:\KeiluVision_LatestVersion\Core\ARM\ARMCLANG\Bin'
Build target 'Target_1'
compiling main.c...
linking...
Program Size: Code=15410 RO-data=1022 RW-data=8 ZI-data=26888  
".\Objects\RTES_Project.axf" - 0 Error(s), 0 Warning(s).

<h2>Software Packages used:</h2>

Package Vendor: ARM
                https://www.keil.com/pack/ARM.CMSIS.6.3.0.pack
                ARM::CMSIS@6.3.0
                CMSIS (Common Microcontroller Software Interface Standard)
   * Component: CORE Version: 6.2.0
   * Component: SysTick Version: 1.0.5
   * Component: OS Tick Version: 1.0.1
   * Component: RTOS2 Version: 2.3.0

Package Vendor: ARM
                https://www.keil.com/pack/ARM.CMSIS-FreeRTOS.11.2.0.pack
                ARM::CMSIS-FreeRTOS@11.2.0
                Bundle of FreeRTOS for Cortex-M and Cortex-A
   * Component: FreeRTOS Variant: Cortex-M Version: 11.2.0
   * Component: Config Variant: CMSIS RTOS2 Version: 11.2.0
   * Component: Core Variant: Cortex-M Version: 11.2.0
   * Component: Event Groups Version: 11.2.0
   * Component: Heap Variant: Heap_4 Version: 11.2.0
   * Component: Message Buffer Version: 11.2.0
   * Component: Timers Version: 11.2.0

Package Vendor: NordicSemiconductor
                http://developer.nordicsemi.com/nRF5_SDK/pieces/nRF_DeviceFamilyPack/NordicSemiconductor.nRF_DeviceFamilyPack.8.44.1.pack
                NordicSemiconductor::nRF_DeviceFamilyPack@8.44.1
                Nordic Semiconductor nRF ARM devices Device Family Pack with BSD license.
   * Component: Startup Version: 8.44.1

<h2>Collection of Component include folders:</h2>
  ./RTE/RTOS
  ./RTE/_Target_1
  D:/KeiluVision_LatestVersion/Pack/ARM/CMSIS-FreeRTOS/11.2.0/CMSIS/RTOS2/FreeRTOS/Include
  D:/KeiluVision_LatestVersion/Pack/ARM/CMSIS-FreeRTOS/11.2.0/Source/include
  D:/KeiluVision_LatestVersion/Pack/ARM/CMSIS-FreeRTOS/11.2.0/Source/portable/GCC/ARM_CM4F
  D:/KeiluVision_LatestVersion/Pack/ARM/CMSIS/6.3.0/CMSIS/Core/Include
  D:/KeiluVision_LatestVersion/Pack/ARM/CMSIS/6.3.0/CMSIS/RTOS2/Include
  D:/KeiluVision_LatestVersion/Pack/NordicSemiconductor/nRF_DeviceFamilyPack/8.44.1/Device/Include

<h2>Collection of Component Files used:</h2>

   * Component: ARM::CMSIS:CORE@6.2.0

   * Component: ARM::CMSIS:OS Tick:SysTick@1.0.5
      Source file:   CMSIS/RTOS2/Source/os_systick.c

   * Component: ARM::CMSIS:RTOS2:FreeRTOS&Cortex-M@11.2.0
      Source file:   CMSIS/RTOS2/FreeRTOS/Source/cmsis_os2.c
      Source file:   CMSIS/RTOS2/FreeRTOS/Source/clib_os.c
      Include file:  CMSIS/RTOS2/FreeRTOS/Include/freertos_mpool.h

   * Component: ARM::RTOS&FreeRTOS:Config&CMSIS RTOS2@11.2.0
      Include file:  CMSIS/RTOS2/FreeRTOS/Config/FreeRTOSConfig.h

   * Component: ARM::RTOS&FreeRTOS:Core&Cortex-M@11.2.0
      Source file:   Source/tasks.c
      Source file:   Source/portable/GCC/ARM_CM4F/port.c
      Include file:  Source/include/FreeRTOS.h
      Include file:  Source/include/task.h
      Include file:  Source/include/queue.h
      Include file:  Source/include/semphr.h
      Source file:   Source/list.c
      Source file:   Source/queue.c
      Source file:   CMSIS/RTOS2/FreeRTOS/Source/freertos_evr.c

   * Component: ARM::RTOS&FreeRTOS:Event Groups@11.2.0
      Source file:   Source/event_groups.c
      Include file:  Source/include/event_groups.h

   * Component: ARM::RTOS&FreeRTOS:Heap&Heap_4@11.2.0
      Source file:   Source/portable/MemMang/heap_4.c

   * Component: ARM::RTOS&FreeRTOS:Message Buffer@11.2.0
      Source file:   Source/stream_buffer.c
      Include file:  Source/include/message_buffer.h

   * Component: ARM::RTOS&FreeRTOS:Timers@11.2.0
      Include file:  Source/include/timers.h
      Source file:   Source/timers.c

   * Component: CMSIS:OS Tick(API)@1.0.1
      Include file:  CMSIS/RTOS2/Include/os_tick.h

   * Component: CMSIS:RTOS2(API)@2.3.0
      Include file:  CMSIS/RTOS2/Include/cmsis_os2.h

   * Component: NordicSemiconductor::Device:Startup@8.44.1
      Source file:   Device/Source/arm/arm_startup_nrf52833.s
      Include file:  Device/Include/system_nrf52833.h
      Include file:  Device/Include/system_nrf.h
      Source file:   Device/Source/system_nrf52.c
Build Time Elapsed:  00:00:00
</pre>
</body>
</html>
