Component: Arm Compiler for Embedded 6.24 Tool: armlink [5f371500]

==============================================================================

Section Cross References

    main.o(.ARM.exidx.text.encoder1_callback) refers to main.o(.text.encoder1_callback) for [Anonymous Symbol]
    main.o(.ARM.exidx.text.encoder2_callback) refers to main.o(.text.encoder2_callback) for [Anonymous Symbol]
    main.o(.ARM.exidx.text.delay_ms) refers to main.o(.text.delay_ms) for [Anonymous Symbol]
    main.o(.text.main) refers to uart.o(.text.uart_init) for uart_init
    main.o(.text.main) refers to main.o(.rodata.str1.1) for .L.str
    main.o(.text.main) refers to printf.o(.text.printf) for printf
    main.o(.text.main) refers to radio.o(.text.radio_hfclk_start) for radio_hfclk_start
    main.o(.text.main) refers to radio.o(.text.radio_init) for radio_init
    main.o(.text.main) refers to radio.o(.text.radio_start_rx_radar) for radio_start_rx_radar
    main.o(.text.main) refers to radio.o(.text.radio_update_radar) for radio_update_radar
    main.o(.text.main) refers to radio.o(.text.radio_is_ready_radar) for radio_is_ready_radar
    main.o(.text.main) refers to radio.o(.text.radio_poll_map) for radio_poll_map
    main.o(.text.main) refers to uart.o(.text.uart_read_ready) for uart_read_ready
    main.o(.text.main) refers to uart.o(.text.uart_read_char) for uart_read_char
    main.o(.text.main) refers to main.o(.bss.cmd_buf_len) for cmd_buf_len
    main.o(.text.main) refers to main.o(.bss.cmd_buf) for cmd_buf
    main.o(.text.main) refers to atoi.o(.text) for atoi
    main.o(.text.main) refers to main.o(.text.delay_ms) for delay_ms
    main.o(.text.main) refers to radio.o(.text.radio_tx_map) for radio_tx_map
    main.o(.ARM.exidx.text.main) refers to main.o(.text.main) for [Anonymous Symbol]
    gpio.o(.ARM.exidx.text.gpio_init) refers to gpio.o(.text.gpio_init) for [Anonymous Symbol]
    gpio.o(.text.gpio_config) refers to gpio.o(.text.gpio_port) for gpio_port
    gpio.o(.text.gpio_config) refers to gpio.o(.text.gpio_bit) for gpio_bit
    gpio.o(.ARM.exidx.text.gpio_config) refers to gpio.o(.text.gpio_config) for [Anonymous Symbol]
    gpio.o(.ARM.exidx.text.gpio_port) refers to gpio.o(.text.gpio_port) for [Anonymous Symbol]
    gpio.o(.ARM.exidx.text.gpio_bit) refers to gpio.o(.text.gpio_bit) for [Anonymous Symbol]
    gpio.o(.text.gpio_write) refers to gpio.o(.text.gpio_port) for gpio_port
    gpio.o(.text.gpio_write) refers to gpio.o(.text.gpio_bit) for gpio_bit
    gpio.o(.ARM.exidx.text.gpio_write) refers to gpio.o(.text.gpio_write) for [Anonymous Symbol]
    gpio.o(.text.gpio_read) refers to gpio.o(.text.gpio_port) for gpio_port
    gpio.o(.text.gpio_read) refers to gpio.o(.text.gpio_bit) for gpio_bit
    gpio.o(.ARM.exidx.text.gpio_read) refers to gpio.o(.text.gpio_read) for [Anonymous Symbol]
    gpio.o(.ARM.exidx.text.gpio_inten) refers to gpio.o(.text.gpio_inten) for [Anonymous Symbol]
    gpio.o(.text.GPIOTE_IRQHandler) refers to main.o(.text.encoder1_callback) for encoder1_callback
    gpio.o(.text.GPIOTE_IRQHandler) refers to main.o(.text.encoder2_callback) for encoder2_callback
    gpio.o(.ARM.exidx.text.GPIOTE_IRQHandler) refers to gpio.o(.text.GPIOTE_IRQHandler) for [Anonymous Symbol]
    ledbtn.o(.text.led_init) refers to ledbtn.o(.rodata.row_pins) for row_pins
    ledbtn.o(.text.led_init) refers to gpio.o(.text.gpio_config) for gpio_config
    ledbtn.o(.text.led_init) refers to gpio.o(.text.gpio_write) for gpio_write
    ledbtn.o(.text.led_init) refers to ledbtn.o(.rodata.col_pins) for col_pins
    ledbtn.o(.ARM.exidx.text.led_init) refers to ledbtn.o(.text.led_init) for [Anonymous Symbol]
    ledbtn.o(.text.led_on) refers to ledbtn.o(.rodata.row_pins) for row_pins
    ledbtn.o(.text.led_on) refers to gpio.o(.text.gpio_write) for gpio_write
    ledbtn.o(.text.led_on) refers to ledbtn.o(.rodata.col_pins) for col_pins
    ledbtn.o(.ARM.exidx.text.led_on) refers to ledbtn.o(.text.led_on) for [Anonymous Symbol]
    ledbtn.o(.text.led_off) refers to ledbtn.o(.rodata.col_pins) for col_pins
    ledbtn.o(.text.led_off) refers to gpio.o(.text.gpio_write) for gpio_write
    ledbtn.o(.text.led_off) refers to ledbtn.o(.rodata.row_pins) for row_pins
    ledbtn.o(.ARM.exidx.text.led_off) refers to ledbtn.o(.text.led_off) for [Anonymous Symbol]
    ledbtn.o(.text.button_init) refers to ledbtn.o(.rodata.button_pins) for button_pins
    ledbtn.o(.text.button_init) refers to gpio.o(.text.gpio_config) for gpio_config
    ledbtn.o(.ARM.exidx.text.button_init) refers to ledbtn.o(.text.button_init) for [Anonymous Symbol]
    ledbtn.o(.text.button_read) refers to ledbtn.o(.rodata.button_pins) for button_pins
    ledbtn.o(.text.button_read) refers to gpio.o(.text.gpio_read) for gpio_read
    ledbtn.o(.ARM.exidx.text.button_read) refers to ledbtn.o(.text.button_read) for [Anonymous Symbol]
[...]
    ultrasonic.c                             0x00000000   Number         0  ultrasonic.o ABSOLUTE
    RESET                                    0x00000000   Section      512  arm_startup_nrf52833.o(RESET)
    !!!main                                  0x00000200   Section        8  __main.o(!!!main)
    !!!scatter                               0x00000208   Section       92  __scatter.o(!!!scatter)
    !!handler_copy                           0x00000264   Section       26  __scatter_copy.o(!!handler_copy)
    !!handler_null                           0x00000280   Section        2  __scatter.o(!!handler_null)
    !!handler_zi                             0x00000284   Section       28  __scatter_zi.o(!!handler_zi)
    .ARM.Collect$$libinit$$00000000          0x000002a0   Section        2  libinit.o(.ARM.Collect$$libinit$$00000000)
    .ARM.Collect$$libinit$$00000001          0x000002a2   Section        4  libinit2.o(.ARM.Collect$$libinit$$00000001)
    .ARM.Collect$$libinit$$00000004          0x000002a6   Section        0  libinit2.o(.ARM.Collect$$libinit$$00000004)
    .ARM.Collect$$libinit$$00000006          0x000002a6   Section        0  libinit2.o(.ARM.Collect$$libinit$$00000006)
    .ARM.Collect$$libinit$$0000000C          0x000002a6   Section        0  libinit2.o(.ARM.Collect$$libinit$$0000000C)
    .ARM.Collect$$libinit$$0000000E          0x000002a6   Section        0  libinit2.o(.ARM.Collect$$libinit$$0000000E)
    .ARM.Collect$$libinit$$00000010          0x000002a6   Section        0  libinit2.o(.ARM.Collect$$libinit$$00000010)
    .ARM.Collect$$libinit$$00000011          0x000002a6   Section        6  libinit2.o(.ARM.Collect$$libinit$$00000011)
    .ARM.Collect$$libinit$$00000013          0x000002ac   Section        0  libinit2.o(.ARM.Collect$$libinit$$00000013)
    .ARM.Collect$$libinit$$00000014          0x000002ac   Section       12  libinit2.o(.ARM.Collect$$libinit$$00000014)
    .ARM.Collect$$libinit$$00000015          0x000002b8   Section        0  libinit2.o(.ARM.Collect$$libinit$$00000015)
    .ARM.Collect$$libinit$$00000017          0x000002b8   Section        0  libinit2.o(.ARM.Collect$$libinit$$00000017)
    .ARM.Collect$$libinit$$00000019          0x000002b8   Section        0  libinit2.o(.ARM.Collect$$libinit$$00000019)
    .ARM.Collect$$libinit$$0000001B          0x000002b8   Section        0  libinit2.o(.ARM.Collect$$libinit$$0000001B)
    .ARM.Collect$$libinit$$0000001D          0x000002b8   Section        0  libinit2.o(.ARM.Collect$$libinit$$0000001D)
    .ARM.Collect$$libinit$$0000001F          0x000002b8   Section        0  libinit2.o(.ARM.Collect$$libinit$$0000001F)
    .ARM.Collect$$libinit$$00000021          0x000002b8   Section        0  libinit2.o(.ARM.Collect$$libinit$$00000021)
    .ARM.Collect$$libinit$$00000023          0x000002b8   Section        0  libinit2.o(.ARM.Collect$$libinit$$00000023)
    .ARM.Collect$$libinit$$00000025          0x000002b8   Section        0  libinit2.o(.ARM.Collect$$libinit$$00000025)
    .ARM.Collect$$libinit$$00000027          0x000002b8   Section        0  libinit2.o(.ARM.Collect$$libinit$$00000027)
    .ARM.Collect$$libinit$$0000002E          0x000002b8   Section        0  libinit2.o(.ARM.Collect$$libinit$$0000002E)
    .ARM.Collect$$libinit$$00000030          0x000002b8   Section        0  libinit2.o(.ARM.Collect$$libinit$$00000030)
    .ARM.Collect$$libinit$$00000032          0x000002b8   Section        0  libinit2.o(.ARM.Collect$$libinit$$00000032)
    .ARM.Collect$$libinit$$00000034          0x000002b8   Section        0  libinit2.o(.ARM.Collect$$libinit$$00000034)
    .ARM.Collect$$libinit$$00000035          0x000002b8   Section        2  libinit2.o(.ARM.Collect$$libinit$$00000035)
    .ARM.Collect$$libshutdown$$00000000      0x000002ba   Section        2  libshutdown.o(.ARM.Collect$$libshutdown$$00000000)
    .ARM.Collect$$libshutdown$$00000002      0x000002bc   Section        0  libshutdown2.o(.ARM.Collect$$libshutdown$$00000002)
    .ARM.Collect$$libshutdown$$00000004      0x000002bc   Section        0  libshutdown2.o(.ARM.Collect$$libshutdown$$00000004)
    .ARM.Collect$$libshutdown$$00000007      0x000002bc   Section        0  libshutdown2.o(.ARM.Collect$$libshutdown$$00000007)
    .ARM.Collect$$libshutdown$$0000000A      0x000002bc   Section        0  libshutdown2.o(.ARM.Collect$$libshutdown$$0000000A)
    .ARM.Collect$$libshutdown$$0000000C      0x000002bc   Section        0  libshutdown2.o(.ARM.Collect$$libshutdown$$0000000C)
    .ARM.Collect$$libshutdown$$0000000F      0x000002bc   Section        0  libshutdown2.o(.ARM.Collect$$libshutdown$$0000000F)
    .ARM.Collect$$libshutdown$$00000010      0x000002bc   Section        2  libshutdown2.o(.ARM.Collect$$libshutdown$$00000010)
    .ARM.Collect$$rtentry$$00000000          0x000002be   Section        0  __rtentry.o(.ARM.Collect$$rtentry$$00000000)
    .ARM.Collect$$rtentry$$00000002          0x000002be   Section        0  __rtentry2.o(.ARM.Collect$$rtentry$$00000002)
    .ARM.Collect$$rtentry$$00000004          0x000002be   Section        6  __rtentry4.o(.ARM.Collect$$rtentry$$00000004)
    .ARM.Collect$$rtentry$$00000008          0x000002c4   Section        8  __rtentry2.o(.ARM.Collect$$rtentry$$00000008)
    .ARM.Collect$$rtentry$$0000000A          0x000002cc   Section        4  __rtentry2.o(.ARM.Collect$$rtentry$$0000000A)
    .ARM.Collect$$rtentry$$0000000C          0x000002d0   Section        0  __rtentry2.o(.ARM.Collect$$rtentry$$0000000C)
    .ARM.Collect$$rtentry$$0000000D          0x000002d0   Section        8  __rtentry2.o(.ARM.Collect$$rtentry$$0000000D)
    .ARM.Collect$$rtexit$$00000000           0x000002d8   Section        2  rtexit.o(.ARM.Collect$$rtexit$$00000000)
    .ARM.Collect$$rtexit$$00000002           0x000002da   Section        0  rtexit2.o(.ARM.Collect$$rtexit$$00000002)
    .ARM.Collect$$rtexit$$00000003           0x000002da   Section        4  rtexit2.o(.ARM.Collect$$rtexit$$00000003)
    .ARM.Collect$$rtexit$$00000004           0x000002de   Section        6  rtexit2.o(.ARM.Collect$$rtexit$$00000004)
    $v0                                      0x000002e4   Number         0  arm_startup_nrf52833.o(.text)
    .text                                    0x000002e4   Section       64  arm_startup_nrf52833.o(.text)
    .text                                    0x00000324   Section        0  atoi.o(.text)
    .text                                    0x0000033e   Section      138  rt_memcpy_v6.o(.text)
    .text                                    0x000003c8   Section        0  heapauxi.o(.text)
    .text                                    0x000003ce   Section        4  rt_errno_addr_twolibspace.o(.text)
    .text                                    0x000003d2   Section        0  strtol.o(.text)
    .text                                    0x00000442   Section      100  rt_memcpy_w.o(.text)
    .text                                    0x000004a8   Section        8  libspace.o(.text)
    .text                                    0x000004b0   Section       16  rt_ctype_table.o(.text)
    .text                                    0x000004c0   Section        0  _strtoul.o(.text)
    .text                                    0x0000055e   Section       74  sys_stackheap_outer.o(.text)
    .text                                    0x000005a8   Section       10  rt_locale_twolibspace.o(.text)
    .text                                    0x000005b2   Section        0  _chval.o(.text)
    .text                                    0x000005ce   Section        0  exit.o(.text)
    .text                                    0x000005e0   Section      124  strcmpv7em.o(.text)
    .text                                    0x0000065c   Section        0  sys_exit.o(.text)
    .text                                    0x00000668   Section        2  use_no_semi.o(.text)
    .text                                    0x0000066a   Section        0  indicate_semi.o(.text)
    [Anonymous Symbol]                       0x0000066c   Section        0  clib_os.o(.text.$Sub$$_fp_init)
    [Anonymous Symbol]                       0x00000684   Section        0  gpio.o(.text.GPIOTE_IRQHandler)
    [Anonymous Symbol]                       0x000006e4   Section        0  port.o(.text.PendSV_Handler)
    [Anonymous Symbol]                       0x00000744   Section        0  port.o(.text.SVC_Handler)
    [Anonymous Symbol]                       0x00000764   Section        0  cmsis_os2.o(.text.SysTick_Handler)
    [Anonymous Symbol]                       0x00000784   Section        0  system_nrf52.o(.text.SystemCoreClockUpdate)
    [Anonymous Symbol]                       0x00000798   Section        0  system_nrf52.o(.text.SystemInit)
    [Anonymous Symbol]                       0x00000974   Section        0  clib_os.o(.text.__user_perthread_libspace)
    __tagsym$$used.1                         0x00000a30   Number         0  clib_os.o(.text._mutex_acquire)
    [Anonymous Symbol]                       0x00000a30   Section        0  clib_os.o(.text._mutex_acquire)
    __tagsym$$used.3                         0x00000a58   Number         0  clib_os.o(.text._mutex_free)
    [Anonymous Symbol]                       0x00000a58   Section        0  clib_os.o(.text._mutex_free)
    __tagsym$$used.0                         0x00000aac   Number         0  clib_os.o(.text._mutex_initialize)
    [Anonymous Symbol]                       0x00000aac   Section        0  clib_os.o(.text._mutex_initialize)
    __tagsym$$used.2                         0x00000b54   Number         0  clib_os.o(.text._mutex_release)
    [Anonymous Symbol]                       0x00000b54   Section        0  clib_os.o(.text._mutex_release)
    [Anonymous Symbol]                       0x00000b80   Section        0  clib_os.o(.text._platform_post_stackheap_init)
    [Anonymous Symbol]                       0x00000b84   Section        0  main.o(.text.delay_ms)
    [Anonymous Symbol]                       0x00000bac   Section        0  main.o(.text.encoder1_callback)
    [Anonymous Symbol]                       0x00000bb0   Section        0  main.o(.text.encoder2_callback)
    is_thread_mode                           0x00000bb5   Thumb Code    32  clib_os.o(.text.is_thread_mode)
    [Anonymous Symbol]                       0x00000bb4   Section        0  clib_os.o(.text.is_thread_mode)
    [Anonymous Symbol]                       0x00000bd4   Section        0  main.o(.text.main)
    nrf52_configuration_249                  0x00000e45   Thumb Code   106  system_nrf52.o(.text.nrf52_configuration_249)
    [Anonymous Symbol]                       0x00000e44   Section        0  system_nrf52.o(.text.nrf52_configuration_249)
    nrf52_errata_136                         0x00000eb1   Thumb Code   106  system_nrf52.o(.text.nrf52_errata_136)
    [Anonymous Symbol]                       0x00000eb0   Section        0  system_nrf52.o(.text.nrf52_errata_136)
    nrf52_errata_36                          0x00000f1d   Thumb Code   106  system_nrf52.o(.text.nrf52_errata_36)
    [Anonymous Symbol]                       0x00000f1c   Section        0  system_nrf52.o(.text.nrf52_errata_36)
    nrf52_errata_66                          0x00000f89   Thumb Code   106  system_nrf52.o(.text.nrf52_errata_66)
    [Anonymous Symbol]                       0x00000f88   Section        0  system_nrf52.o(.text.nrf52_errata_66)
    nrf52_handle_approtect                   0x00000ff5   Thumb Code    34  system_nrf52.o(.text.nrf52_handle_approtect)
    [Anonymous Symbol]                       0x00000ff4   Section        0  system_nrf52.o(.text.nrf52_handle_approtect)
    os_kernel_is_active                      0x00001019   Thumb Code    32  clib_os.o(.text.os_kernel_is_active)
    [Anonymous Symbol]                       0x00001018   Section        0  clib_os.o(.text.os_kernel_is_active)
    out_char                                 0x00001039   Thumb Code    20  printf.o(.text.out_char)
    [Anonymous Symbol]                       0x00001038   Section        0  printf.o(.text.out_char)
    out_str                                  0x0000104d   Thumb Code    34  printf.o(.text.out_str)
    [Anonymous Symbol]                       0x0000104c   Section        0  printf.o(.text.out_str)
    print_float                              0x00001071   Thumb Code   176  printf.o(.text.print_float)
    [Anonymous Symbol]                       0x00001070   Section        0  printf.o(.text.print_float)
    print_int                                0x00001139   Thumb Code    42  printf.o(.text.print_int)
    [Anonymous Symbol]                       0x00001138   Section        0  printf.o(.text.print_int)
    print_uint                               0x00001165   Thumb Code   150  printf.o(.text.print_uint)
    [Anonymous Symbol]                       0x00001164   Section        0  printf.o(.text.print_uint)
    [Anonymous Symbol]                       0x000011fc   Section        0  printf.o(.text.printf)
    prvAddCurrentTaskToDelayedList           0x000012fd   Thumb Code   270  tasks.o(.text.prvAddCurrentTaskToDelayedList)
    [Anonymous Symbol]                       0x000012fc   Section        0  tasks.o(.text.prvAddCurrentTaskToDelayedList)
    prvCopyDataToQueue                       0x0000140d   Thumb Code   204  queue.o(.text.prvCopyDataToQueue)
    [Anonymous Symbol]                       0x0000140c   Section        0  queue.o(.text.prvCopyDataToQueue)
    prvGetHighestPriorityOfWaitToReceiveList 0x000014d9   Thumb Code    38  queue.o(.text.prvGetHighestPriorityOfWaitToReceiveList)
    [Anonymous Symbol]                       0x000014d8   Section        0  queue.o(.text.prvGetHighestPriorityOfWaitToReceiveList)
    prvHeapInit                              0x00001501   Thumb Code   170  heap_4.o(.text.prvHeapInit)
    [Anonymous Symbol]                       0x00001500   Section        0  heap_4.o(.text.prvHeapInit)
    prvInitialiseMutex                       0x000015ad   Thumb Code    44  queue.o(.text.prvInitialiseMutex)
    [Anonymous Symbol]                       0x000015ac   Section        0  queue.o(.text.prvInitialiseMutex)
    prvInitialiseNewQueue                    0x000015d9   Thumb Code    72  queue.o(.text.prvInitialiseNewQueue)
    [Anonymous Symbol]                       0x000015d8   Section        0  queue.o(.text.prvInitialiseNewQueue)
    prvInsertBlockIntoFreeList               0x00001621   Thumb Code   280  heap_4.o(.text.prvInsertBlockIntoFreeList)
    [Anonymous Symbol]                       0x00001620   Section        0  heap_4.o(.text.prvInsertBlockIntoFreeList)
    prvIsQueueEmpty                          0x00001739   Thumb Code    40  queue.o(.text.prvIsQueueEmpty)
    [Anonymous Symbol]                       0x00001738   Section        0  queue.o(.text.prvIsQueueEmpty)
    prvIsQueueFull                           0x00001761   Thumb Code    46  queue.o(.text.prvIsQueueFull)
    [Anonymous Symbol]                       0x00001760   Section        0  queue.o(.text.prvIsQueueFull)
    prvResetNextTaskUnblockTime              0x00001791   Thumb Code    60  tasks.o(.text.prvResetNextTaskUnblockTime)
    [Anonymous Symbol]                       0x00001790   Section        0  tasks.o(.text.prvResetNextTaskUnblockTime)
    prvUnlockQueue                           0x000017cd   Thumb Code   174  queue.o(.text.prvUnlockQueue)
    [Anonymous Symbol]                       0x000017cc   Section        0  queue.o(.text.prvUnlockQueue)
    [Anonymous Symbol]                       0x0000187c   Section        0  heap_4.o(.text.pvPortMalloc)
    [Anonymous Symbol]                       0x00001b34   Section        0  tasks.o(.text.pvTaskIncrementMutexHeldCount)
    [Anonymous Symbol]                       0x00001b58   Section        0  radio.o(.text.radio_hfclk_start)
    [Anonymous Symbol]                       0x00001b80   Section        0  radio.o(.text.radio_init)
    [Anonymous Symbol]                       0x00001c34   Section        0  radio.o(.text.radio_is_ready_radar)
    [Anonymous Symbol]                       0x00001c40   Section        0  radio.o(.text.radio_poll_map)
    radio_start_rx                           0x00001c79   Thumb Code    76  radio.o(.text.radio_start_rx)
    [Anonymous Symbol]                       0x00001c78   Section        0  radio.o(.text.radio_start_rx)
    [Anonymous Symbol]                       0x00001cc4   Section        0  radio.o(.text.radio_start_rx_radar)
    radio_stop                               0x00001ccd   Thumb Code    56  radio.o(.text.radio_stop)
    [Anonymous Symbol]                       0x00001ccc   Section        0  radio.o(.text.radio_stop)
    [Anonymous Symbol]                       0x00001d04   Section        0  radio.o(.text.radio_tx_map)
    [Anonymous Symbol]                       0x00001db8   Section        0  radio.o(.text.radio_update_radar)
    [Anonymous Symbol]                       0x00001e18   Section        0  uart.o(.text.uart_init)
    [Anonymous Symbol]                       0x00001e94   Section        0  uart.o(.text.uart_putc)
    [Anonymous Symbol]                       0x00001ecc   Section        0  uart.o(.text.uart_read_char)
    [Anonymous Symbol]                       0x00001ef0   Section        0  uart.o(.text.uart_read_ready)
    [Anonymous Symbol]                       0x00001efc   Section        0  list.o(.text.uxListRemove)
    [Anonymous Symbol]                       0x00001f44   Section        0  cmsis_os2.o(.text.vApplicationStackOverflowHook)
    [Anonymous Symbol]                       0x00001f54   Section        0  list.o(.text.vListInitialise)
    [Anonymous Symbol]                       0x00001f84   Section        0  list.o(.text.vListInsert)
    [Anonymous Symbol]                       0x00001ff0   Section        0  port.o(.text.vPortEnterCritical)
    [Anonymous Symbol]                       0x00002038   Section        0  port.o(.text.vPortExitCritical)
    [Anonymous Symbol]                       0x00002074   Section        0  heap_4.o(.text.vPortFree)
    [Anonymous Symbol]                       0x00002154   Section        0  queue.o(.text.vQueueDelete)
    [Anonymous Symbol]                       0x00002184   Section        0  tasks.o(.text.vTaskInternalSetTimeOutState)
    [Anonymous Symbol]                       0x000021a8   Section        0  tasks.o(.text.vTaskMissedYield)
    [Anonymous Symbol]                       0x000021b8   Section        0  tasks.o(.text.vTaskPlaceOnEventList)
    [Anonymous Symbol]                       0x000021ec   Section        0  tasks.o(.text.vTaskPriorityDisinheritAfterTimeout)
    [Anonymous Symbol]                       0x00002354   Section        0  tasks.o(.text.vTaskSuspendAll)
    __tagsym$$used.0                         0x00002364   Number         0  tasks.o(.text.vTaskSwitchContext)
    [Anonymous Symbol]                       0x00002364   Section        0  tasks.o(.text.vTaskSwitchContext)
    [Anonymous Symbol]                       0x0000249c   Section        0  port.o(.text.xPortSysTickHandler)
    [Anonymous Symbol]                       0x000024dc   Section        0  queue.o(.text.xQueueCreateMutex)
    [Anonymous Symbol]                       0x00002504   Section        0  queue.o(.text.xQueueCreateMutexStatic)
    [Anonymous Symbol]                       0x00002538   Section        0  queue.o(.text.xQueueGenericCreate)
    [Anonymous Symbol]                       0x000025cc   Section        0  queue.o(.text.xQueueGenericCreateStatic)
    [Anonymous Symbol]                       0x0000266c   Section        0  queue.o(.text.xQueueGenericReset)
    [Anonymous Symbol]                       0x00002758   Section        0  queue.o(.text.xQueueGenericSend)
    [Anonymous Symbol]                       0x0000294c   Section        0  queue.o(.text.xQueueSemaphoreTake)
    [Anonymous Symbol]                       0x00002b34   Section        0  tasks.o(.text.xTaskCheckForTimeOut)
    [Anonymous Symbol]                       0x00002c14   Section        0  tasks.o(.text.xTaskGetCurrentTaskHandle)
    [Anonymous Symbol]                       0x00002c28   Section        0  tasks.o(.text.xTaskGetSchedulerState)
    [Anonymous Symbol]                       0x00002c60   Section        0  tasks.o(.text.xTaskIncrementTick)
    [Anonymous Symbol]                       0x00002ed8   Section        0  tasks.o(.text.xTaskPriorityDisinherit)
    [Anonymous Symbol]                       0x00002ff8   Section        0  tasks.o(.text.xTaskPriorityInherit)
    [Anonymous Symbol]                       0x00003154   Section        0  tasks.o(.text.xTaskRemoveFromEventList)
    [Anonymous Symbol]                       0x000032f8   Section        0  tasks.o(.text.xTaskResumeAll)
    locale$$code                             0x00003540   Section       44  lc_ctype_c.o(locale$$code)
    $v0                                      0x0000356c   Number         0  d2f.o(x$fpl$d2f)
    x$fpl$d2f                                0x0000356c   Section       98  d2f.o(x$fpl$d2f)
    $v0                                      0x000035d0   Number         0  daddsub_clz.o(x$fpl$dadd)
    x$fpl$dadd                               0x000035d0   Section      336  daddsub_clz.o(x$fpl$dadd)
    _dadd1                                   0x000035e1   Thumb Code     0  daddsub_clz.o(x$fpl$dadd)
    $v0                                      0x00003720   Number         0  dcmpi.o(x$fpl$dcmpinf)
    x$fpl$dcmpinf                            0x00003720   Section       24  dcmpi.o(x$fpl$dcmpinf)
    $v0                                      0x00003738   Number         0  deqf.o(x$fpl$deqf)
    x$fpl$deqf                               0x00003738   Section      120  deqf.o(x$fpl$deqf)
    $v0                                      0x000037b0   Number         0  dfix.o(x$fpl$dfix)
    x$fpl$dfix                               0x000037b0   Section       94  dfix.o(x$fpl$dfix)
    $v0                                      0x00003810   Number         0  dgeqf.o(x$fpl$dgeqf)
    x$fpl$dgeqf                              0x00003810   Section      120  dgeqf.o(x$fpl$dgeqf)
    $v0                                      0x00003888   Number         0  dleqf.o(x$fpl$dleqf)
    x$fpl$dleqf                              0x00003888   Section      120  dleqf.o(x$fpl$dleqf)
    $v0                                      0x00003900   Number         0  dmul.o(x$fpl$dmul)
    x$fpl$dmul                               0x00003900   Section      340  dmul.o(x$fpl$dmul)
    $v0                                      0x00003a54   Number         0  dnaninf.o(x$fpl$dnaninf)
    x$fpl$dnaninf                            0x00003a54   Section      156  dnaninf.o(x$fpl$dnaninf)
    $v0                                      0x00003af0   Number         0  dretinf.o(x$fpl$dretinf)
    x$fpl$dretinf                            0x00003af0   Section       12  dretinf.o(x$fpl$dretinf)
    $v0                                      0x00003afc   Number         0  daddsub_clz.o(x$fpl$dsub)
    x$fpl$dsub                               0x00003afc   Section      476  daddsub_clz.o(x$fpl$dsub)
    _dsub1                                   0x00003b0d   Thumb Code     0  daddsub_clz.o(x$fpl$dsub)
    $v0                                      0x00003cd8   Number         0  f2d.o(x$fpl$f2d)
    x$fpl$f2d                                0x00003cd8   Section       86  f2d.o(x$fpl$f2d)
    $v0                                      0x00003d2e   Number         0  dcmp.o(x$fpl$fcmp)
    x$fpl$fcmp                               0x00003d2e   Section       84  dcmp.o(x$fpl$fcmp)
    $v0                                      0x00003d82   Number         0  fnaninf.o(x$fpl$fnaninf)
    x$fpl$fnaninf                            0x00003d82   Section      140  fnaninf.o(x$fpl$fnaninf)
    $v0                                      0x00003e0e   Number         0  fpinit.o(x$fpl$fpinit)
    x$fpl$fpinit                             0x00003e0e   Section       26  fpinit.o(x$fpl$fpinit)
    $v0                                      0x00003e28   Number         0  fretinf.o(x$fpl$fretinf)
    x$fpl$fretinf                            0x00003e28   Section       10  fretinf.o(x$fpl$fretinf)
    .L.str.1                                 0x00003e32   Data          27  main.o(.rodata.str1.1)
    [Anonymous Symbol]                       0x00003e32   Section        0  main.o(.rodata.str1.1)
    x$fpl$usenofp                            0x00003e32   Section        0  usenofp.o(x$fpl$usenofp)
    .L.str.2                                 0x00003e4d   Data          19  main.o(.rodata.str1.1)
    .L.str                                   0x00003e60   Data          40  main.o(.rodata.str1.1)
    .L.str.3                                 0x00003e88   Data          33  main.o(.rodata.str1.1)
    .L.str.7                                 0x00003ea9   Data          14  main.o(.rodata.str1.1)
    .L.str.6                                 0x00003eb7   Data          15  main.o(.rodata.str1.1)
    .L.str.4                                 0x00003ec6   Data          34  main.o(.rodata.str1.1)
    .L.str.5                                 0x00003ee8   Data          23  main.o(.rodata.str1.1)
    locale$$data                             0x00003f20   Section      272  lc_ctype_c.o(locale$$data)
    __lcctype_c_name                         0x00003f24   Data           2  lc_ctype_c.o(locale$$data)
    __lcctype_c_start                        0x00003f2c   Data           0  lc_ctype_c.o(locale$$data)
    __lcctype_c_end                          0x00004030   Data           0  lc_ctype_c.o(locale$$data)
    __tagsym$$used.0                         0x20000000   Number         0  system_nrf52.o(.data.SystemCoreClock)
    uxCriticalNesting                        0x20000004   Data           4  port.o(.data.uxCriticalNesting)
    [Anonymous Symbol]                       0x20000004   Section        0  port.o(.data.uxCriticalNesting)
    .bss                                     0x20000008   Section       96  libspace.o(.bss)
    clib_mutex_cb                            0x20000068   Data         400  clib_os.o(.bss.clib_mutex_cb)
    [Anonymous Symbol]                       0x20000068   Section        0  clib_os.o(.bss.clib_mutex_cb)
    clib_mutex_id                            0x200001f8   Data          20  clib_os.o(.bss.clib_mutex_id)
    [Anonymous Symbol]                       0x200001f8   Section        0  clib_os.o(.bss.clib_mutex_id)
    os_libspace                              0x20000218   Data         480  clib_os.o(.bss.os_libspace)
    [Anonymous Symbol]                       0x20000218   Section        0  clib_os.o(.bss.os_libspace)
    os_libspace_id                           0x200003f8   Data          16  clib_os.o(.bss.os_libspace_id)
    [Anonymous Symbol]                       0x200003f8   Section        0  clib_os.o(.bss.os_libspace_id)
    __tagsym$$used.1                         0x20000408   Number         0  tasks.o(.bss.pxCurrentTCB)
    pxDelayedTaskList                        0x2000040c   Data           4  tasks.o(.bss.pxDelayedTaskList)
    [Anonymous Symbol]                       0x2000040c   Section        0  tasks.o(.bss.pxDelayedTaskList)
    pxEnd                                    0x20000410   Data           4  heap_4.o(.bss.pxEnd)
    [Anonymous Symbol]                       0x20000410   Section        0  heap_4.o(.bss.pxEnd)
    pxOverflowDelayedTaskList                0x20000414   Data           4  tasks.o(.bss.pxOverflowDelayedTaskList)
    [Anonymous Symbol]                       0x20000414   Section        0  tasks.o(.bss.pxOverflowDelayedTaskList)
    pxReadyTasksLists                        0x20000418   Data        1120  tasks.o(.bss.pxReadyTasksLists)
    [Anonymous Symbol]                       0x20000418   Section        0  tasks.o(.bss.pxReadyTasksLists)
    rx_map_data                              0x20000878   Data          16  radio.o(.bss.rx_map_data)
    [Anonymous Symbol]                       0x20000878   Section        0  radio.o(.bss.rx_map_data)
    rx_packet                                0x20000888   Data          16  radio.o(.bss.rx_packet)
    [Anonymous Symbol]                       0x20000888   Section        0  radio.o(.bss.rx_packet)
    rx_ready                                 0x20000898   Data           1  radio.o(.bss.rx_ready)
    [Anonymous Symbol]                       0x20000898   Section        0  radio.o(.bss.rx_ready)
    tx_packet                                0x20000899   Data          16  radio.o(.bss.tx_packet)
    [Anonymous Symbol]                       0x20000899   Section        0  radio.o(.bss.tx_packet)
    ucHeap                                   0x200008a9   Data        8192  heap_4.o(.bss.ucHeap)
    [Anonymous Symbol]                       0x200008a9   Section        0  heap_4.o(.bss.ucHeap)
    uxCurrentNumberOfTasks                   0x200028ac   Data           4  tasks.o(.bss.uxCurrentNumberOfTasks)
    [Anonymous Symbol]                       0x200028ac   Section        0  tasks.o(.bss.uxCurrentNumberOfTasks)
    uxSchedulerSuspended                     0x200028b0   Data           4  tasks.o(.bss.uxSchedulerSuspended)
    [Anonymous Symbol]                       0x200028b0   Section        0  tasks.o(.bss.uxSchedulerSuspended)
    uxTopReadyPriority                       0x200028b4   Data           4  tasks.o(.bss.uxTopReadyPriority)
    [Anonymous Symbol]                       0x200028b4   Section        0  tasks.o(.bss.uxTopReadyPriority)
    xFreeBytesRemaining                      0x200028b8   Data           4  heap_4.o(.bss.xFreeBytesRemaining)
    [Anonymous Symbol]                       0x200028b8   Section        0  heap_4.o(.bss.xFreeBytesRemaining)
    xMinimumEverFreeBytesRemaining           0x200028bc   Data           4  heap_4.o(.bss.xMinimumEverFreeBytesRemaining)
    [Anonymous Symbol]                       0x200028bc   Section        0  heap_4.o(.bss.xMinimumEverFreeBytesRemaining)
    xNextTaskUnblockTime                     0x200028c0   Data           4  tasks.o(.bss.xNextTaskUnblockTime)
    [Anonymous Symbol]                       0x200028c0   Section        0  tasks.o(.bss.xNextTaskUnblockTime)
    xNumOfOverflows                          0x200028c4   Data           4  tasks.o(.bss.xNumOfOverflows)
    [Anonymous Symbol]                       0x200028c4   Section        0  tasks.o(.bss.xNumOfOverflows)
    xNumberOfSuccessfulAllocations           0x200028c8   Data           4  heap_4.o(.bss.xNumberOfSuccessfulAllocations)
    [Anonymous Symbol]                       0x200028c8   Section        0  heap_4.o(.bss.xNumberOfSuccessfulAllocations)
    xNumberOfSuccessfulFrees                 0x200028cc   Data           4  heap_4.o(.bss.xNumberOfSuccessfulFrees)
    [Anonymous Symbol]                       0x200028cc   Section        0  heap_4.o(.bss.xNumberOfSuccessfulFrees)
    xPendedTicks                             0x200028d0   Data           4  tasks.o(.bss.xPendedTicks)
    [Anonymous Symbol]                       0x200028d0   Section        0  tasks.o(.bss.xPendedTicks)
    xPendingReadyList                        0x200028d4   Data          20  tasks.o(.bss.xPendingReadyList)
    [Anonymous Symbol]                       0x200028d4   Section        0  tasks.o(.bss.xPendingReadyList)
    xSchedulerRunning                        0x200028e8   Data           4  tasks.o(.bss.xSchedulerRunning)
    [Anonymous Symbol]                       0x200028e8   Section        0  tasks.o(.bss.xSchedulerRunning)
    xStart                                   0x200028ec   Data           8  heap_4.o(.bss.xStart)
    [Anonymous Symbol]                       0x200028ec   Section        0  heap_4.o(.bss.xStart)
    xSuspendedTaskList                       0x200028f4   Data          20  tasks.o(.bss.xSuspendedTaskList)
    [Anonymous Symbol]                       0x200028f4   Section        0  tasks.o(.bss.xSuspendedTaskList)
    xTickCount                               0x20002908   Data           4  tasks.o(.bss.xTickCount)
    [Anonymous Symbol]                       0x20002908   Section        0  tasks.o(.bss.xTickCount)
    xYieldPendings                           0x2000290c   Data           4  tasks.o(.bss.xYieldPendings)
    [Anonymous Symbol]                       0x2000290c   Section        0  tasks.o(.bss.xYieldPendings)
    Heap_Mem                                 0x20002910   Data        8192  arm_startup_nrf52833.o(HEAP)
    HEAP                                     0x20002910   Section     8192  arm_startup_nrf52833.o(HEAP)
    Stack_Mem                                0x20004910   Data        8192  arm_startup_nrf52833.o(STACK)
    STACK                                    0x20004910   Section     8192  arm_startup_nrf52833.o(STACK)
    __initial_sp                             0x20006910   Data           0  arm_startup_nrf52833.o(STACK)

    Global Symbols

    Symbol Name                              Value     Ov Type        Size  Object(Section)

    BuildAttributes$$THM_ISAv4$E$P$D$K$B$S$7EM$VFPi3$EXTD16$VFPS$VFMA$PE$A:L22UL41UL21$X:L11$S22US41US21$IEEE1$IW$~IW$USESV6$~STKCKD$USESV7$~SHL$OSPACE$ROPI$EBA8$UX$STANDARDLIB$REQ8$PRES8$EABIv2 0x00000000   Number         0  anon$$obj.o ABSOLUTE
    __Vectors                                0x00000000   Data           4  arm_startup_nrf52833.o(RESET)
    __ARM_exceptions_init                     - Undefined Weak Reference
    __alloca_initialize                       - Undefined Weak Reference
    __arm_preinit_                            - Undefined Weak Reference
    __arm_relocate_pie_                       - Undefined Weak Reference
    __cpp_initialize__aeabi_                  - Undefined Weak Reference
    __cxa_finalize                            - Undefined Weak Reference
    __sigvec_lookup                           - Undefined Weak Reference
    _atexit_init                              - Undefined Weak Reference
    _call_atexit_fns                          - Undefined Weak Reference
    _clock_init                               - Undefined Weak Reference
    _fp_trap_init                             - Undefined Weak Reference
    _fp_trap_shutdown                         - Undefined Weak Reference
    _get_lc_collate                           - Undefined Weak Reference
    _get_lc_monetary                          - Undefined Weak Reference
    _get_lc_numeric                           - Undefined Weak Reference
    _get_lc_time                              - Undefined Weak Reference
    _getenv_init                              - Undefined Weak Reference
    _handle_redirection                       - Undefined Weak Reference
    _init_alloc                               - Undefined Weak Reference
    _init_user_alloc                          - Undefined Weak Reference
    _initio                                   - Undefined Weak Reference
    _rand_init                                - Undefined Weak Reference
    _signal_finish                            - Undefined Weak Reference
    _signal_init                              - Undefined Weak Reference
    _terminate_alloc                          - Undefined Weak Reference
    _terminate_user_alloc                     - Undefined Weak Reference
    _terminateio                              - Undefined Weak Reference
    __Vectors_End                            0x00000200   Data           0  arm_startup_nrf52833.o(RESET)
    __Vectors_Size                           0x00000200   Number         0  arm_startup_nrf52833.o ABSOLUTE
    __main                                   0x00000201   Thumb Code     8  __main.o(!!!main)
    __scatterload                            0x00000209   Thumb Code     0  __scatter.o(!!!scatter)
    __scatterload_rt2                        0x00000209   Thumb Code    84  __scatter.o(!!!scatter)
    __scatterload_rt2_thumb_only             0x00000209   Thumb Code     0  __scatter.o(!!!scatter)
    __scatterload_loop                       0x00000213   Thumb Code     0  __scatter.o(!!!scatter)
    __scatterload_copy                       0x00000265   Thumb Code    26  __scatter_copy.o(!!handler_copy)
    __scatterload_null                       0x00000281   Thumb Code     2  __scatter.o(!!handler_null)
    __scatterload_zeroinit                   0x00000285   Thumb Code    28  __scatter_zi.o(!!handler_zi)
    __rt_lib_init                            0x000002a1   Thumb Code     0  libinit.o(.ARM.Collect$$libinit$$00000000)
    __rt_lib_init_fp_1                       0x000002a3   Thumb Code     0  libinit2.o(.ARM.Collect$$libinit$$00000001)
    __rt_lib_init_heap_1                     0x000002a7   Thumb Code     0  libinit2.o(.ARM.Collect$$libinit$$0000000C)
    __rt_lib_init_lc_common                  0x000002a7   Thumb Code     0  libinit2.o(.ARM.Collect$$libinit$$00000011)
    __rt_lib_init_preinit_1                  0x000002a7   Thumb Code     0  libinit2.o(.ARM.Collect$$libinit$$00000006)
    __rt_lib_init_rand_1                     0x000002a7   Thumb Code     0  libinit2.o(.ARM.Collect$$libinit$$00000010)
    __rt_lib_init_relocate_pie_1             0x000002a7   Thumb Code     0  libinit2.o(.ARM.Collect$$libinit$$00000004)
    __rt_lib_init_user_alloc_1               0x000002a7   Thumb Code     0  libinit2.o(.ARM.Collect$$libinit$$0000000E)
    __rt_lib_init_lc_collate_1               0x000002ad   Thumb Code     0  libinit2.o(.ARM.Collect$$libinit$$00000013)
    __rt_lib_init_lc_ctype_2                 0x000002ad   Thumb Code     0  libinit2.o(.ARM.Collect$$libinit$$00000014)
    __rt_lib_init_alloca_1                   0x000002b9   Thumb Code     0  libinit2.o(.ARM.Collect$$libinit$$00000030)
    __rt_lib_init_argv_1                     0x000002b9   Thumb Code     0  libinit2.o(.ARM.Collect$$libinit$$0000002E)
    __rt_lib_init_atexit_1                   0x000002b9   Thumb Code     0  libinit2.o(.ARM.Collect$$libinit$$0000001D)
    __rt_lib_init_clock_1                    0x000002b9   Thumb Code     0  libinit2.o(.ARM.Collect$$libinit$$00000023)
    __rt_lib_init_cpp_1                      0x000002b9   Thumb Code     0  libinit2.o(.ARM.Collect$$libinit$$00000034)
    __rt_lib_init_exceptions_1               0x000002b9   Thumb Code     0  libinit2.o(.ARM.Collect$$libinit$$00000032)
    __rt_lib_init_fp_trap_1                  0x000002b9   Thumb Code     0  libinit2.o(.ARM.Collect$$libinit$$00000021)
    __rt_lib_init_getenv_1                   0x000002b9   Thumb Code     0  libinit2.o(.ARM.Collect$$libinit$$00000025)
    __rt_lib_init_lc_ctype_1                 0x000002b9   Thumb Code     0  libinit2.o(.ARM.Collect$$libinit$$00000015)
    __rt_lib_init_lc_monetary_1              0x000002b9   Thumb Code     0  libinit2.o(.ARM.Collect$$libinit$$00000017)
    __rt_lib_init_lc_numeric_1               0x000002b9   Thumb Code     0  libinit2.o(.ARM.Collect$$libinit$$00000019)
    __rt_lib_init_lc_time_1                  0x000002b9   Thumb Code     0  libinit2.o(.ARM.Collect$$libinit$$0000001B)
    __rt_lib_init_return                     0x000002b9   Thumb Code     0  libinit2.o(.ARM.Collect$$libinit$$00000035)
    __rt_lib_init_signal_1                   0x000002b9   Thumb Code     0  libinit2.o(.ARM.Collect$$libinit$$0000001F)
    __rt_lib_init_stdio_1                    0x000002b9   Thumb Code     0  libinit2.o(.ARM.Collect$$libinit$$00000027)
    __rt_lib_shutdown                        0x000002bb   Thumb Code     0  libshutdown.o(.ARM.Collect$$libshutdown$$00000000)
    __rt_lib_shutdown_cpp_1                  0x000002bd   Thumb Code     0  libshutdown2.o(.ARM.Collect$$libshutdown$$00000002)
    __rt_lib_shutdown_fp_trap_1              0x000002bd   Thumb Code     0  libshutdown2.o(.ARM.Collect$$libshutdown$$00000007)
    __rt_lib_shutdown_heap_1                 0x000002bd   Thumb Code     0  libshutdown2.o(.ARM.Collect$$libshutdown$$0000000F)
    __rt_lib_shutdown_return                 0x000002bd   Thumb Code     0  libshutdown2.o(.ARM.Collect$$libshutdown$$00000010)
    __rt_lib_shutdown_signal_1               0x000002bd   Thumb Code     0  libshutdown2.o(.ARM.Collect$$libshutdown$$0000000A)
    __rt_lib_shutdown_stdio_1                0x000002bd   Thumb Code     0  libshutdown2.o(.ARM.Collect$$libshutdown$$00000004)
    __rt_lib_shutdown_user_alloc_1           0x000002bd   Thumb Code     0  libshutdown2.o(.ARM.Collect$$libshutdown$$0000000C)
    __rt_entry                               0x000002bf   Thumb Code     0  __rtentry.o(.ARM.Collect$$rtentry$$00000000)
    __rt_entry_presh_1                       0x000002bf   Thumb Code     0  __rtentry2.o(.ARM.Collect$$rtentry$$00000002)
    __rt_entry_sh                            0x000002bf   Thumb Code     0  __rtentry4.o(.ARM.Collect$$rtentry$$00000004)
    __rt_entry_postsh_1                      0x000002c5   Thumb Code     0  __rtentry2.o(.ARM.Collect$$rtentry$$00000008)
    __rt_entry_li                            0x000002cd   Thumb Code     0  __rtentry2.o(.ARM.Collect$$rtentry$$0000000A)
    __rt_entry_main                          0x000002d1   Thumb Code     0  __rtentry2.o(.ARM.Collect$$rtentry$$0000000D)
    __rt_entry_postli_1                      0x000002d1   Thumb Code     0  __rtentry2.o(.ARM.Collect$$rtentry$$0000000C)
    __rt_exit                                0x000002d9   Thumb Code     0  rtexit.o(.ARM.Collect$$rtexit$$00000000)
    __rt_exit_ls                             0x000002db   Thumb Code     0  rtexit2.o(.ARM.Collect$$rtexit$$00000003)
    __rt_exit_prels_1                        0x000002db   Thumb Code     0  rtexit2.o(.ARM.Collect$$rtexit$$00000002)
    __rt_exit_exit                           0x000002df   Thumb Code     0  rtexit2.o(.ARM.Collect$$rtexit$$00000004)
    Reset_Handler                            0x000002e5   Thumb Code     8  arm_startup_nrf52833.o(.text)
    NMI_Handler                              0x000002ed   Thumb Code     2  arm_startup_nrf52833.o(.text)
    HardFault_Handler                        0x000002ef   Thumb Code     2  arm_startup_nrf52833.o(.text)
    MemoryManagement_Handler                 0x000002f1   Thumb Code     2  arm_startup_nrf52833.o(.text)
    BusFault_Handler                         0x000002f3   Thumb Code     2  arm_startup_nrf52833.o(.text)
    UsageFault_Handler                       0x000002f5   Thumb Code     2  arm_startup_nrf52833.o(.text)
    DebugMon_Handler                         0x000002f9   Thumb Code     2  arm_startup_nrf52833.o(.text)
    CCM_AAR_IRQHandler                       0x000002ff   Thumb Code     0  arm_startup_nrf52833.o(.text)
    COMP_LPCOMP_IRQHandler                   0x000002ff   Thumb Code     0  arm_startup_nrf52833.o(.text)
    ECB_IRQHandler                           0x000002ff   Thumb Code     0  arm_startup_nrf52833.o(.text)
    FPU_IRQHandler                           0x000002ff   Thumb Code     0  arm_startup_nrf52833.o(.text)
    I2S_IRQHandler                           0x000002ff   Thumb Code     0  arm_startup_nrf52833.o(.text)
    MWU_IRQHandler                           0x000002ff   Thumb Code     0  arm_startup_nrf52833.o(.text)
    NFCT_IRQHandler                          0x000002ff   Thumb Code     0  arm_startup_nrf52833.o(.text)
    PDM_IRQHandler                           0x000002ff   Thumb Code     0  arm_startup_nrf52833.o(.text)
    POWER_CLOCK_IRQHandler                   0x000002ff   Thumb Code     0  arm_startup_nrf52833.o(.text)
    PWM0_IRQHandler                          0x000002ff   Thumb Code     0  arm_startup_nrf52833.o(.text)
    PWM1_IRQHandler                          0x000002ff   Thumb Code     0  arm_startup_nrf52833.o(.text)
    PWM2_IRQHandler                          0x000002ff   Thumb Code     0  arm_startup_nrf52833.o(.text)
    PWM3_IRQHandler                          0x000002ff   Thumb Code     0  arm_startup_nrf52833.o(.text)
    QDEC_IRQHandler                          0x000002ff   Thumb Code     0  arm_startup_nrf52833.o(.text)
    RADIO_IRQHandler                         0x000002ff   Thumb Code     0  arm_startup_nrf52833.o(.text)
    RNG_IRQHandler                           0x000002ff   Thumb Code     0  arm_startup_nrf52833.o(.text)
    RTC0_IRQHandler                          0x000002ff   Thumb Code     0  arm_startup_nrf52833.o(.text)
    RTC1_IRQHandler                          0x000002ff   Thumb Code     0  arm_startup_nrf52833.o(.text)
    RTC2_IRQHandler                          0x000002ff   Thumb Code     0  arm_startup_nrf52833.o(.text)
    SAADC_IRQHandler                         0x000002ff   Thumb Code     0  arm_startup_nrf52833.o(.text)
    SPIM0_SPIS0_TWIM0_TWIS0_SPI0_TWI0_IRQHandler 0x000002ff   Thumb Code     0  arm_startup_nrf52833.o(.text)
    SPIM1_SPIS1_TWIM1_TWIS1_SPI1_TWI1_IRQHandler 0x000002ff   Thumb Code     0  arm_startup_nrf52833.o(.text)
    SPIM2_SPIS2_SPI2_IRQHandler              0x000002ff   Thumb Code     0  arm_startup_nrf52833.o(.text)
    SPIM3_IRQHandler                         0x000002ff   Thumb Code     0  arm_startup_nrf52833.o(.text)
    SWI0_EGU0_IRQHandler                     0x000002ff   Thumb Code     0  arm_startup_nrf52833.o(.text)
    SWI1_EGU1_IRQHandler                     0x000002ff   Thumb Code     0  arm_startup_nrf52833.o(.text)
    SWI2_EGU2_IRQHandler                     0x000002ff   Thumb Code     0  arm_startup_nrf52833.o(.text)
    SWI3_EGU3_IRQHandler                     0x000002ff   Thumb Code     0  arm_startup_nrf52833.o(.text)
    SWI4_EGU4_IRQHandler                     0x000002ff   Thumb Code     0  arm_startup_nrf52833.o(.text)
    SWI5_EGU5_IRQHandler                     0x000002ff   Thumb Code     0  arm_startup_nrf52833.o(.text)
    TEMP_IRQHandler                          0x000002ff   Thumb Code     0  arm_startup_nrf52833.o(.text)
    TIMER0_IRQHandler                        0x000002ff   Thumb Code     0  arm_startup_nrf52833.o(.text)
    TIMER1_IRQHandler                        0x000002ff   Thumb Code     0  arm_startup_nrf52833.o(.text)
    TIMER2_IRQHandler                        0x000002ff   Thumb Code     0  arm_startup_nrf52833.o(.text)
    TIMER3_IRQHandler                        0x000002ff   Thumb Code     0  arm_startup_nrf52833.o(.text)
    TIMER4_IRQHandler                        0x000002ff   Thumb Code     0  arm_startup_nrf52833.o(.text)
    UARTE0_UART0_IRQHandler                  0x000002ff   Thumb Code     0  arm_startup_nrf52833.o(.text)
    UARTE1_IRQHandler                        0x000002ff   Thumb Code     0  arm_startup_nrf52833.o(.text)
    USBD_IRQHandler                          0x000002ff   Thumb Code     0  arm_startup_nrf52833.o(.text)
    WDT_IRQHandler                           0x000002ff   Thumb Code     0  arm_startup_nrf52833.o(.text)
    __user_initial_stackheap                 0x00000301   Thumb Code    10  arm_startup_nrf52833.o(.text)
    atoi                                     0x00000325   Thumb Code    26  atoi.o(.text)
    __aeabi_memcpy                           0x0000033f   Thumb Code     0  rt_memcpy_v6.o(.text)
    __rt_memcpy                              0x0000033f   Thumb Code   138  rt_memcpy_v6.o(.text)
    _memcpy_lastbytes                        0x000003a5   Thumb Code     0  rt_memcpy_v6.o(.text)
    __use_two_region_memory                  0x000003c9   Thumb Code     2  heapauxi.o(.text)
    __rt_heap_escrow$2region                 0x000003cb   Thumb Code     2  heapauxi.o(.text)
    __rt_heap_expand$2region                 0x000003cd   Thumb Code     2  heapauxi.o(.text)
    __aeabi_errno_addr                       0x000003cf   Thumb Code     4  rt_errno_addr_twolibspace.o(.text)
    __errno$twolibspace                      0x000003cf   Thumb Code     0  rt_errno_addr_twolibspace.o(.text)
    __rt_errno_addr$twolibspace              0x000003cf   Thumb Code     0  rt_errno_addr_twolibspace.o(.text)
    strtol                                   0x000003d3   Thumb Code   112  strtol.o(.text)
    __aeabi_memcpy4                          0x00000443   Thumb Code     0  rt_memcpy_w.o(.text)
    __aeabi_memcpy8                          0x00000443   Thumb Code     0  rt_memcpy_w.o(.text)
    __rt_memcpy_w                            0x00000443   Thumb Code   100  rt_memcpy_w.o(.text)
    _memcpy_lastbytes_aligned                0x0000048b   Thumb Code     0  rt_memcpy_w.o(.text)
    __user_libspace                          0x000004a9   Thumb Code     8  libspace.o(.text)
    __user_perproc_libspace                  0x000004a9   Thumb Code     0  libspace.o(.text)
    __rt_ctype_table                         0x000004b1   Thumb Code    16  rt_ctype_table.o(.text)
    _strtoul                                 0x000004c1   Thumb Code   158  _strtoul.o(.text)
    __user_setup_stackheap                   0x0000055f   Thumb Code    74  sys_stackheap_outer.o(.text)
    __rt_locale                              0x000005a9   Thumb Code    10  rt_locale_twolibspace.o(.text)
    _chval                                   0x000005b3   Thumb Code    28  _chval.o(.text)
    exit                                     0x000005cf   Thumb Code    18  exit.o(.text)
    strcmp                                   0x000005e1   Thumb Code   124  strcmpv7em.o(.text)
    _sys_exit                                0x0000065d   Thumb Code     8  sys_exit.o(.text)
    __I$use$semihosting                      0x00000669   Thumb Code     0  use_no_semi.o(.text)
    __use_no_semihosting_swi                 0x00000669   Thumb Code     2  use_no_semi.o(.text)
    __semihosting_library_function           0x0000066b   Thumb Code     0  indicate_semi.o(.text)
    _fp_init                                 0x0000066d   Thumb Code    22  clib_os.o(.text.$Sub$$_fp_init)
    GPIOTE_IRQHandler                        0x00000685   Thumb Code    94  gpio.o(.text.GPIOTE_IRQHandler)
    PendSV_Handler                           0x000006e5   Thumb Code    96  port.o(.text.PendSV_Handler)
    SVC_Handler                              0x00000745   Thumb Code    32  port.o(.text.SVC_Handler)
    SysTick_Handler                          0x00000765   Thumb Code    30  cmsis_os2.o(.text.SysTick_Handler)
    SystemCoreClockUpdate                    0x00000785   Thumb Code    20  system_nrf52.o(.text.SystemCoreClockUpdate)
    SystemInit                               0x00000799   Thumb Code   474  system_nrf52.o(.text.SystemInit)
    __user_perthread_libspace                0x00000975   Thumb Code   186  clib_os.o(.text.__user_perthread_libspace)
    _mutex_acquire                           0x00000a31   Thumb Code    40  clib_os.o(.text._mutex_acquire)
    _mutex_free                              0x00000a59   Thumb Code    84  clib_os.o(.text._mutex_free)
    _mutex_initialize                        0x00000aad   Thumb Code   168  clib_os.o(.text._mutex_initialize)
    _mutex_release                           0x00000b55   Thumb Code    42  clib_os.o(.text._mutex_release)
    _platform_post_stackheap_init            0x00000b81   Thumb Code     2  clib_os.o(.text._platform_post_stackheap_init)
    delay_ms                                 0x00000b85   Thumb Code    40  main.o(.text.delay_ms)
    encoder1_callback                        0x00000bad   Thumb Code     2  main.o(.text.encoder1_callback)
    encoder2_callback                        0x00000bb1   Thumb Code     2  main.o(.text.encoder2_callback)
    main                                     0x00000bd5   Thumb Code   624  main.o(.text.main)
    printf                                   0x000011fd   Thumb Code   254  printf.o(.text.printf)
    pvPortMalloc                             0x0000187d   Thumb Code   696  heap_4.o(.text.pvPortMalloc)
    pvTaskIncrementMutexHeldCount            0x00001b35   Thumb Code    36  tasks.o(.text.pvTaskIncrementMutexHeldCount)
    radio_hfclk_start                        0x00001b59   Thumb Code    40  radio.o(.text.radio_hfclk_start)
    radio_init                               0x00001b81   Thumb Code   180  radio.o(.text.radio_init)
    radio_is_ready_radar                     0x00001c35   Thumb Code    12  radio.o(.text.radio_is_ready_radar)
    radio_poll_map                           0x00001c41   Thumb Code    56  radio.o(.text.radio_poll_map)
    radio_start_rx_radar                     0x00001cc5   Thumb Code     8  radio.o(.text.radio_start_rx_radar)
    radio_tx_map                             0x00001d05   Thumb Code   178  radio.o(.text.radio_tx_map)
    radio_update_radar                       0x00001db9   Thumb Code    94  radio.o(.text.radio_update_radar)
    uart_init                                0x00001e19   Thumb Code   122  uart.o(.text.uart_init)
    uart_putc                                0x00001e95   Thumb Code    54  uart.o(.text.uart_putc)
    uart_read_char                           0x00001ecd   Thumb Code    36  uart.o(.text.uart_read_char)
    uart_read_ready                          0x00001ef1   Thumb Code    12  uart.o(.text.uart_read_ready)
    uxListRemove                             0x00001efd   Thumb Code    72  list.o(.text.uxListRemove)
    vApplicationStackOverflowHook            0x00001f45   Thumb Code    16  cmsis_os2.o(.text.vApplicationStackOverflowHook)
    vListInitialise                          0x00001f55   Thumb Code    46  list.o(.text.vListInitialise)
    vListInsert                              0x00001f85   Thumb Code   106  list.o(.text.vListInsert)
    vPortEnterCritical                       0x00001ff1   Thumb Code    72  port.o(.text.vPortEnterCritical)
    vPortExitCritical                        0x00002039   Thumb Code    60  port.o(.text.vPortExitCritical)
    vPortFree                                0x00002075   Thumb Code   222  heap_4.o(.text.vPortFree)
    vQueueDelete                             0x00002155   Thumb Code    48  queue.o(.text.vQueueDelete)
    vTaskInternalSetTimeOutState             0x00002185   Thumb Code    36  tasks.o(.text.vTaskInternalSetTimeOutState)
    vTaskMissedYield                         0x000021a9   Thumb Code    14  tasks.o(.text.vTaskMissedYield)
    vTaskPlaceOnEventList                    0x000021b9   Thumb Code    52  tasks.o(.text.vTaskPlaceOnEventList)
    vTaskPriorityDisinheritAfterTimeout      0x000021ed   Thumb Code   358  tasks.o(.text.vTaskPriorityDisinheritAfterTimeout)
    vTaskSuspendAll                          0x00002355   Thumb Code    16  tasks.o(.text.vTaskSuspendAll)
    vTaskSwitchContext                       0x00002365   Thumb Code   312  tasks.o(.text.vTaskSwitchContext)
    xPortSysTickHandler                      0x0000249d   Thumb Code    62  port.o(.text.xPortSysTickHandler)
    xQueueCreateMutex                        0x000024dd   Thumb Code    38  queue.o(.text.xQueueCreateMutex)
    xQueueCreateMutexStatic                  0x00002505   Thumb Code    50  queue.o(.text.xQueueCreateMutexStatic)
    xQueueGenericCreate                      0x00002539   Thumb Code   148  queue.o(.text.xQueueGenericCreate)
    xQueueGenericCreateStatic                0x000025cd   Thumb Code   158  queue.o(.text.xQueueGenericCreateStatic)
    xQueueGenericReset                       0x0000266d   Thumb Code   236  queue.o(.text.xQueueGenericReset)
    xQueueGenericSend                        0x00002759   Thumb Code   500  queue.o(.text.xQueueGenericSend)
    xQueueSemaphoreTake                      0x0000294d   Thumb Code   486  queue.o(.text.xQueueSemaphoreTake)
    xTaskCheckForTimeOut                     0x00002b35   Thumb Code   224  tasks.o(.text.xTaskCheckForTimeOut)
    xTaskGetCurrentTaskHandle                0x00002c15   Thumb Code    20  tasks.o(.text.xTaskGetCurrentTaskHandle)
    xTaskGetSchedulerState                   0x00002c29   Thumb Code    56  tasks.o(.text.xTaskGetSchedulerState)
    xTaskIncrementTick                       0x00002c61   Thumb Code   630  tasks.o(.text.xTaskIncrementTick)
    xTaskPriorityDisinherit                  0x00002ed9   Thumb Code   286  tasks.o(.text.xTaskPriorityDisinherit)
    xTaskPriorityInherit                     0x00002ff9   Thumb Code   348  tasks.o(.text.xTaskPriorityInherit)
    xTaskRemoveFromEventList                 0x00003155   Thumb Code   418  tasks.o(.text.xTaskRemoveFromEventList)
    xTaskResumeAll                           0x000032f9   Thumb Code   584  tasks.o(.text.xTaskResumeAll)
    _get_lc_ctype                            0x00003541   Thumb Code    44  lc_ctype_c.o(locale$$code)
    __aeabi_d2f                              0x0000356d   Thumb Code     0  d2f.o(x$fpl$d2f)
    _d2f                                     0x0000356d   Thumb Code    98  d2f.o(x$fpl$d2f)
    __aeabi_dadd                             0x000035d1   Thumb Code     0  daddsub_clz.o(x$fpl$dadd)
    _dadd                                    0x000035d1   Thumb Code   332  daddsub_clz.o(x$fpl$dadd)
    __fpl_dcmp_Inf                           0x00003721   Thumb Code    24  dcmpi.o(x$fpl$dcmpinf)
    __aeabi_cdcmpeq                          0x00003739   Thumb Code     0  deqf.o(x$fpl$deqf)
    _dcmpeq                                  0x00003739   Thumb Code   120  deqf.o(x$fpl$deqf)
    __aeabi_d2iz                             0x000037b1   Thumb Code     0  dfix.o(x$fpl$dfix)
    _dfix                                    0x000037b1   Thumb Code    94  dfix.o(x$fpl$dfix)
    __aeabi_cdcmpge                          0x00003811   Thumb Code     0  dgeqf.o(x$fpl$dgeqf)
    _dcmpge                                  0x00003811   Thumb Code   120  dgeqf.o(x$fpl$dgeqf)
    __aeabi_cdcmple                          0x00003889   Thumb Code     0  dleqf.o(x$fpl$dleqf)
    _dcmple                                  0x00003889   Thumb Code   120  dleqf.o(x$fpl$dleqf)
    __fpl_dcmple_InfNaN                      0x000038eb   Thumb Code     0  dleqf.o(x$fpl$dleqf)
    __aeabi_dmul                             0x00003901   Thumb Code     0  dmul.o(x$fpl$dmul)
    _dmul                                    0x00003901   Thumb Code   332  dmul.o(x$fpl$dmul)
    __fpl_dnaninf                            0x00003a55   Thumb Code   156  dnaninf.o(x$fpl$dnaninf)
    __fpl_dretinf                            0x00003af1   Thumb Code    12  dretinf.o(x$fpl$dretinf)
    __aeabi_dsub                             0x00003afd   Thumb Code     0  daddsub_clz.o(x$fpl$dsub)
    _dsub                                    0x00003afd   Thumb Code   472  daddsub_clz.o(x$fpl$dsub)
    __aeabi_f2d                              0x00003cd9   Thumb Code     0  f2d.o(x$fpl$f2d)
    _f2d                                     0x00003cd9   Thumb Code    86  f2d.o(x$fpl$f2d)
    __aeabi_dcmpeq                           0x00003d2f   Thumb Code     0  dcmp.o(x$fpl$fcmp)
    _deq                                     0x00003d2f   Thumb Code    14  dcmp.o(x$fpl$fcmp)
    _dneq                                    0x00003d3d   Thumb Code    14  dcmp.o(x$fpl$fcmp)
    __aeabi_dcmpgt                           0x00003d4b   Thumb Code     0  dcmp.o(x$fpl$fcmp)
    _dgr                                     0x00003d4b   Thumb Code    14  dcmp.o(x$fpl$fcmp)
    __aeabi_dcmpge                           0x00003d59   Thumb Code     0  dcmp.o(x$fpl$fcmp)
    _dgeq                                    0x00003d59   Thumb Code    14  dcmp.o(x$fpl$fcmp)
    __aeabi_dcmple                           0x00003d67   Thumb Code     0  dcmp.o(x$fpl$fcmp)
    _dleq                                    0x00003d67   Thumb Code    14  dcmp.o(x$fpl$fcmp)
    __aeabi_dcmplt                           0x00003d75   Thumb Code     0  dcmp.o(x$fpl$fcmp)
    _dls                                     0x00003d75   Thumb Code    14  dcmp.o(x$fpl$fcmp)
    __fpl_fnaninf                            0x00003d83   Thumb Code   140  fnaninf.o(x$fpl$fnaninf)
    $Super$$_fp_init                         0x00003e0f   Thumb Code    26  fpinit.o(x$fpl$fpinit)
    __fplib_config_fpu_vfp                   0x00003e27   Thumb Code     0  fpinit.o(x$fpl$fpinit)
    __fplib_config_pureend_doubles           0x00003e27   Thumb Code     0  fpinit.o(x$fpl$fpinit)
    __fpl_fretinf                            0x00003e29   Thumb Code    10  fretinf.o(x$fpl$fretinf)
    __I$use$fp                               0x00003e32   Number         0  usenofp.o(x$fpl$usenofp)
    Region$$Table$$Base                      0x00003f00   Number         0  anon$$obj.o(Region$$Table)
    Region$$Table$$Limit                     0x00003f20   Number         0  anon$$obj.o(Region$$Table)
    __ctype                                  0x00003f2d   Data           0  lc_ctype_c.o(locale$$data)
    SystemCoreClock                          0x20000000   Data           4  system_nrf52.o(.data.SystemCoreClock)
    __libspace_start                         0x20000008   Data          96  libspace.o(.bss)
    __temporary_stack_top$libspace           0x20000068   Data           0  libspace.o(.bss)
    cmd_buf                                  0x2000020c   Data           8  main.o(.bss.cmd_buf)
    cmd_buf_len                              0x20000214   Data           4  main.o(.bss.cmd_buf_len)
    pxCurrentTCB                             0x20000408   Data           4  tasks.o(.bss.pxCurrentTCB)



==============================================================================

Memory Map of the image

  Image Entry point : 0x000002e5

  Load Region LR_1 (Base: 0x00000000, Size: 0x00004038, Max: 0xffffffff, ABSOLUTE)

    Execution Region ER_RO (Exec base: 0x00000000, Load base: 0x00000000, Size: 0x00004030, Max: 0xffffffff, ABSOLUTE)

    Exec Addr    Load Addr    Size         Type   Attr      Idx    E Section Name        Object

    0x00000000   0x00000000   0x00000200   Data   RO          417    RESET               arm_startup_nrf52833.o
    0x00000200   0x00000200   0x00000008   Code   RO         1008  * !!!main             c_w.l(__main.o)
    0x00000208   0x00000208   0x0000005c   Code   RO         1235    !!!scatter          c_w.l(__scatter.o)
    0x00000264   0x00000264   0x0000001a   Code   RO         1239    !!handler_copy      c_w.l(__scatter_copy.o)
    0x0000027e   0x0000027e   0x00000002   PAD
    0x00000280   0x00000280   0x00000002   Code   RO         1236    !!handler_null      c_w.l(__scatter.o)
    0x00000282   0x00000282   0x00000002   PAD
    0x00000284   0x00000284   0x0000001c   Code   RO         1241    !!handler_zi        c_w.l(__scatter_zi.o)
    0x000002a0   0x000002a0   0x00000002   Code   RO         1100    .ARM.Collect$$libinit$$00000000  c_w.l(libinit.o)
    0x000002a2   0x000002a2   0x00000004   Code   RO         1105    .ARM.Collect$$libinit$$00000001  c_w.l(libinit2.o)
    0x000002a6   0x000002a6   0x00000000   Code   RO         1108    .ARM.Collect$$libinit$$00000004  c_w.l(libinit2.o)
    0x000002a6   0x000002a6   0x00000000   Code   RO         1110    .ARM.Collect$$libinit$$00000006  c_w.l(libinit2.o)
    0x000002a6   0x000002a6   0x00000000   Code   RO         1113    .ARM.Collect$$libinit$$0000000C  c_w.l(libinit2.o)
    0x000002a6   0x000002a6   0x00000000   Code   RO         1115    .ARM.Collect$$libinit$$0000000E  c_w.l(libinit2.o)
    0x000002a6   0x000002a6   0x00000000   Code   RO         1117    .ARM.Collect$$libinit$$00000010  c_w.l(libinit2.o)
    0x000002a6   0x000002a6   0x00000006   Code   RO         1118    .ARM.Collect$$libinit$$00000011  c_w.l(libinit2.o)
    0x000002ac   0x000002ac   0x00000000   Code   RO         1120    .ARM.Collect$$libinit$$00000013  c_w.l(libinit2.o)
    0x000002ac   0x000002ac   0x0000000c   Code   RO         1121    .ARM.Collect$$libinit$$00000014  c_w.l(libinit2.o)
    0x000002b8   0x000002b8   0x00000000   Code   RO         1122    .ARM.Collect$$libinit$$00000015  c_w.l(libinit2.o)
    0x000002b8   0x000002b8   0x00000000   Code   RO         1124    .ARM.Collect$$libinit$$00000017  c_w.l(libinit2.o)
    0x000002b8   0x000002b8   0x00000000   Code   RO         1126    .ARM.Collect$$libinit$$00000019  c_w.l(libinit2.o)
    0x000002b8   0x000002b8   0x00000000   Code   RO         1128    .ARM.Collect$$libinit$$0000001B  c_w.l(libinit2.o)
    0x000002b8   0x000002b8   0x00000000   Code   RO         1130    .ARM.Collect$$libinit$$0000001D  c_w.l(libinit2.o)
    0x000002b8   0x000002b8   0x00000000   Code   RO         1132    .ARM.Collect$$libinit$$0000001F  c_w.l(libinit2.o)
    0x000002b8   0x000002b8   0x00000000   Code   RO         1134    .ARM.Collect$$libinit$$00000021  c_w.l(libinit2.o)
    0x000002b8   0x000002b8   0x00000000   Code   RO         1136    .ARM.Collect$$libinit$$00000023  c_w.l(libinit2.o)
    0x000002b8   0x000002b8   0x00000000   Code   RO         1138    .ARM.Collect$$libinit$$00000025  c_w.l(libinit2.o)
    0x000002b8   0x000002b8   0x00000000   Code   RO         1140    .ARM.Collect$$libinit$$00000027  c_w.l(libinit2.o)
    0x000002b8   0x000002b8   0x00000000   Code   RO         1144    .ARM.Collect$$libinit$$0000002E  c_w.l(libinit2.o)
    0x000002b8   0x000002b8   0x00000000   Code   RO         1146    .ARM.Collect$$libinit$$00000030  c_w.l(libinit2.o)
    0x000002b8   0x000002b8   0x00000000   Code   RO         1148    .ARM.Collect$$libinit$$00000032  c_w.l(libinit2.o)
    0x000002b8   0x000002b8   0x00000000   Code   RO         1150    .ARM.Collect$$libinit$$00000034  c_w.l(libinit2.o)
    0x000002b8   0x000002b8   0x00000002   Code   RO         1151    .ARM.Collect$$libinit$$00000035  c_w.l(libinit2.o)
    0x000002ba   0x000002ba   0x00000002   Code   RO         1171    .ARM.Collect$$libshutdown$$00000000  c_w.l(libshutdown.o)
    0x000002bc   0x000002bc   0x00000000   Code   RO         1186    .ARM.Collect$$libshutdown$$00000002  c_w.l(libshutdown2.o)
    0x000002bc   0x000002bc   0x00000000   Code   RO         1188    .ARM.Collect$$libshutdown$$00000004  c_w.l(libshutdown2.o)
    0x000002bc   0x000002bc   0x00000000   Code   RO         1191    .ARM.Collect$$libshutdown$$00000007  c_w.l(libshutdown2.o)
    0x000002bc   0x000002bc   0x00000000   Code   RO         1194    .ARM.Collect$$libshutdown$$0000000A  c_w.l(libshutdown2.o)
    0x000002bc   0x000002bc   0x00000000   Code   RO         1196    .ARM.Collect$$libshutdown$$0000000C  c_w.l(libshutdown2.o)
    0x000002bc   0x000002bc   0x00000000   Code   RO         1199    .ARM.Collect$$libshutdown$$0000000F  c_w.l(libshutdown2.o)
    0x000002bc   0x000002bc   0x00000002   Code   RO         1200    .ARM.Collect$$libshutdown$$00000010  c_w.l(libshutdown2.o)
    0x000002be   0x000002be   0x00000000   Code   RO         1030    .ARM.Collect$$rtentry$$00000000  c_w.l(__rtentry.o)
    0x000002be   0x000002be   0x00000000   Code   RO         1061    .ARM.Collect$$rtentry$$00000002  c_w.l(__rtentry2.o)
    0x000002be   0x000002be   0x00000006   Code   RO         1073    .ARM.Collect$$rtentry$$00000004  c_w.l(__rtentry4.o)
    0x000002c4   0x000002c4   0x00000008   Code   RO         1062    .ARM.Collect$$rtentry$$00000008  c_w.l(__rtentry2.o)
    0x000002cc   0x000002cc   0x00000004   Code   RO         1064    .ARM.Collect$$rtentry$$0000000A  c_w.l(__rtentry2.o)
    0x000002d0   0x000002d0   0x00000000   Code   RO         1066    .ARM.Collect$$rtentry$$0000000C  c_w.l(__rtentry2.o)
    0x000002d0   0x000002d0   0x00000008   Code   RO         1067    .ARM.Collect$$rtentry$$0000000D  c_w.l(__rtentry2.o)
    0x000002d8   0x000002d8   0x00000002   Code   RO         1101    .ARM.Collect$$rtexit$$00000000  c_w.l(rtexit.o)
    0x000002da   0x000002da   0x00000000   Code   RO         1153    .ARM.Collect$$rtexit$$00000002  c_w.l(rtexit2.o)
    0x000002da   0x000002da   0x00000004   Code   RO         1154    .ARM.Collect$$rtexit$$00000003  c_w.l(rtexit2.o)
    0x000002de   0x000002de   0x00000006   Code   RO         1155    .ARM.Collect$$rtexit$$00000004  c_w.l(rtexit2.o)
    0x000002e4   0x000002e4   0x00000040   Code   RO          418  * .text               arm_startup_nrf52833.o
    0x00000324   0x00000324   0x0000001a   Code   RO          994    .text               c_w.l(atoi.o)
    0x0000033e   0x0000033e   0x0000008a   Code   RO          996    .text               c_w.l(rt_memcpy_v6.o)
    0x000003c8   0x000003c8   0x00000006   Code   RO         1006    .text               c_w.l(heapauxi.o)
    0x000003ce   0x000003ce   0x00000004   Code   RO         1036    .text               c_w.l(rt_errno_addr_twolibspace.o)
    0x000003d2   0x000003d2   0x00000070   Code   RO         1038    .text               c_w.l(strtol.o)
    0x00000442   0x00000442   0x00000064   Code   RO         1040    .text               c_w.l(rt_memcpy_w.o)
    0x000004a6   0x000004a6   0x00000002   PAD
    0x000004a8   0x000004a8   0x00000008   Code   RO         1057    .text               c_w.l(libspace.o)
    0x000004b0   0x000004b0   0x00000010   Code   RO         1075    .text               c_w.l(rt_ctype_table.o)
    0x000004c0   0x000004c0   0x0000009e   Code   RO         1077    .text               c_w.l(_strtoul.o)
    0x0000055e   0x0000055e   0x0000004a   Code   RO         1081    .text               c_w.l(sys_stackheap_outer.o)
    0x000005a8   0x000005a8   0x0000000a   Code   RO         1088    .text               c_w.l(rt_locale_twolibspace.o)
    0x000005b2   0x000005b2   0x0000001c   Code   RO         1090    .text               c_w.l(_chval.o)
    0x000005ce   0x000005ce   0x00000012   Code   RO         1095    .text               c_w.l(exit.o)
    0x000005e0   0x000005e0   0x0000007c   Code   RO         1103    .text               c_w.l(strcmpv7em.o)
    0x0000065c   0x0000065c   0x0000000c   Code   RO         1161    .text               c_w.l(sys_exit.o)
    0x00000668   0x00000668   0x00000002   Code   RO         1176    .text               c_w.l(use_no_semi.o)
    0x0000066a   0x0000066a   0x00000000   Code   RO         1178    .text               c_w.l(indicate_semi.o)
    0x0000066a   0x0000066a   0x00000002   PAD
    0x0000066c   0x0000066c   0x00000016   Code   RO          198    .text.$Sub$$_fp_init  clib_os.o
    0x00000682   0x00000682   0x00000002   PAD
    0x00000684   0x00000684   0x0000005e   Code   RO           35    .text.GPIOTE_IRQHandler  gpio.o
    0x000006e2   0x000006e2   0x00000002   PAD
    0x000006e4   0x000006e4   0x00000060   Code   RO          516    .text.PendSV_Handler  port.o
    0x00000744   0x00000744   0x00000020   Code   RO          512    .text.SVC_Handler   port.o
    0x00000764   0x00000764   0x0000001e   Code   RO          225    .text.SysTick_Handler  cmsis_os2.o
    0x00000782   0x00000782   0x00000002   PAD
    0x00000784   0x00000784   0x00000014   Code   RO          429    .text.SystemCoreClockUpdate  system_nrf52.o
    0x00000798   0x00000798   0x000001da   Code   RO          431    .text.SystemInit    system_nrf52.o
    0x00000972   0x00000972   0x00000002   PAD
    0x00000974   0x00000974   0x000000ba   Code   RO          200    .text.__user_perthread_libspace  clib_os.o
    0x00000a2e   0x00000a2e   0x00000002   PAD
    0x00000a30   0x00000a30   0x00000028   Code   RO          206    .text._mutex_acquire  clib_os.o
    0x00000a58   0x00000a58   0x00000054   Code   RO          212    .text._mutex_free   clib_os.o
    0x00000aac   0x00000aac   0x000000a8   Code   RO          204    .text._mutex_initialize  clib_os.o
    0x00000b54   0x00000b54   0x0000002a   Code   RO          210    .text._mutex_release  clib_os.o
    0x00000b7e   0x00000b7e   0x00000002   PAD
    0x00000b80   0x00000b80   0x00000002   Code   RO          196    .text._platform_post_stackheap_init  clib_os.o
    0x00000b82   0x00000b82   0x00000002   PAD
    0x00000b84   0x00000b84   0x00000028   Code   RO            6    .text.delay_ms      main.o
    0x00000bac   0x00000bac   0x00000002   Code   RO            2    .text.encoder1_callback  main.o
    0x00000bae   0x00000bae   0x00000002   PAD
    0x00000bb0   0x00000bb0   0x00000002   Code   RO            4    .text.encoder2_callback  main.o
    0x00000bb2   0x00000bb2   0x00000002   PAD
    0x00000bb4   0x00000bb4   0x00000020   Code   RO          208    .text.is_thread_mode  clib_os.o
    0x00000bd4   0x00000bd4   0x00000270   Code   RO            8    .text.main          main.o
    0x00000e44   0x00000e44   0x0000006a   Code   RO          441    .text.nrf52_configuration_249  system_nrf52.o
    0x00000eae   0x00000eae   0x00000002   PAD
    0x00000eb0   0x00000eb0   0x0000006a   Code   RO          437    .text.nrf52_errata_136  system_nrf52.o
    0x00000f1a   0x00000f1a   0x00000002   PAD
    0x00000f1c   0x00000f1c   0x0000006a   Code   RO          433    .text.nrf52_errata_36  system_nrf52.o
    0x00000f86   0x00000f86   0x00000002   PAD
    0x00000f88   0x00000f88   0x0000006a   Code   RO          435    .text.nrf52_errata_66  system_nrf52.o
    0x00000ff2   0x00000ff2   0x00000002   PAD
    0x00000ff4   0x00000ff4   0x00000022   Code   RO          439    .text.nrf52_handle_approtect  system_nrf52.o
    0x00001016   0x00001016   0x00000002   PAD
    0x00001018   0x00001018   0x00000020   Code   RO          202    .text.os_kernel_is_active  clib_os.o
    0x00001038   0x00001038   0x00000014   Code   RO          179    .text.out_char      printf.o
    0x0000104c   0x0000104c   0x00000022   Code   RO          177    .text.out_str       printf.o
    0x0000106e   0x0000106e   0x00000002   PAD
    0x00001070   0x00001070   0x000000c8   Code   RO          187    .text.print_float   printf.o
    0x00001138   0x00001138   0x0000002a   Code   RO          183    .text.print_int     printf.o
    0x00001162   0x00001162   0x00000002   PAD
    0x00001164   0x00001164   0x00000096   Code   RO          185    .text.print_uint    printf.o
    0x000011fa   0x000011fa   0x00000002   PAD
    0x000011fc   0x000011fc   0x000000fe   Code   RO          181    .text.printf        printf.o
    0x000012fa   0x000012fa   0x00000002   PAD
    0x000012fc   0x000012fc   0x0000010e   Code   RO          752    .text.prvAddCurrentTaskToDelayedList  tasks.o
    0x0000140a   0x0000140a   0x00000002   PAD
    0x0000140c   0x0000140c   0x000000cc   Code   RO          612    .text.prvCopyDataToQueue  queue.o
    0x000014d8   0x000014d8   0x00000026   Code   RO          628    .text.prvGetHighestPriorityOfWaitToReceiveList  queue.o
    0x000014fe   0x000014fe   0x00000002   PAD
    0x00001500   0x00001500   0x000000aa   Code   RO          546    .text.prvHeapInit   heap_4.o
    0x000015aa   0x000015aa   0x00000002   PAD
    0x000015ac   0x000015ac   0x0000002c   Code   RO          592    .text.prvInitialiseMutex  queue.o
    0x000015d8   0x000015d8   0x00000048   Code   RO          584    .text.prvInitialiseNewQueue  queue.o
    0x00001620   0x00001620   0x00000118   Code   RO          550    .text.prvInsertBlockIntoFreeList  heap_4.o
    0x00001738   0x00001738   0x00000028   Code   RO          626    .text.prvIsQueueEmpty  queue.o
    0x00001760   0x00001760   0x0000002e   Code   RO          614    .text.prvIsQueueFull  queue.o
    0x0000178e   0x0000178e   0x00000002   PAD
    0x00001790   0x00001790   0x0000003c   Code   RO          744    .text.prvResetNextTaskUnblockTime  tasks.o
    0x000017cc   0x000017cc   0x000000ae   Code   RO          616    .text.prvUnlockQueue  queue.o
    0x0000187a   0x0000187a   0x00000002   PAD
    0x0000187c   0x0000187c   0x000002b8   Code   RO          544    .text.pvPortMalloc  heap_4.o
    0x00001b34   0x00001b34   0x00000024   Code   RO          850    .text.pvTaskIncrementMutexHeldCount  tasks.o
    0x00001b58   0x00001b58   0x00000028   Code   RO          127    .text.radio_hfclk_start  radio.o
    0x00001b80   0x00001b80   0x000000b4   Code   RO          129    .text.radio_init    radio.o
    0x00001c34   0x00001c34   0x0000000c   Code   RO          143    .text.radio_is_ready_radar  radio.o
    0x00001c40   0x00001c40   0x00000038   Code   RO          145    .text.radio_poll_map  radio.o
    0x00001c78   0x00001c78   0x0000004c   Code   RO          135    .text.radio_start_rx  radio.o
    0x00001cc4   0x00001cc4   0x00000008   Code   RO          139    .text.radio_start_rx_radar  radio.o
    0x00001ccc   0x00001ccc   0x00000038   Code   RO          133    .text.radio_stop    radio.o
    0x00001d04   0x00001d04   0x000000b2   Code   RO          131    .text.radio_tx_map  radio.o
    0x00001db6   0x00001db6   0x00000002   PAD
    0x00001db8   0x00001db8   0x0000005e   Code   RO          141    .text.radio_update_radar  radio.o
    0x00001e16   0x00001e16   0x00000002   PAD
    0x00001e18   0x00001e18   0x0000007a   Code   RO          158    .text.uart_init     uart.o
    0x00001e92   0x00001e92   0x00000002   PAD
    0x00001e94   0x00001e94   0x00000036   Code   RO          160    .text.uart_putc     uart.o
    0x00001eca   0x00001eca   0x00000002   PAD
    0x00001ecc   0x00001ecc   0x00000024   Code   RO          166    .text.uart_read_char  uart.o
    0x00001ef0   0x00001ef0   0x0000000c   Code   RO          164    .text.uart_read_ready  uart.o
    0x00001efc   0x00001efc   0x00000048   Code   RO          499    .text.uxListRemove  list.o
    0x00001f44   0x00001f44   0x00000010   Code   RO          379    .text.vApplicationStackOverflowHook  cmsis_os2.o
    0x00001f54   0x00001f54   0x0000002e   Code   RO          491    .text.vListInitialise  list.o
    0x00001f82   0x00001f82   0x00000002   PAD
    0x00001f84   0x00001f84   0x0000006a   Code   RO          497    .text.vListInsert   list.o
    0x00001fee   0x00001fee   0x00000002   PAD
    0x00001ff0   0x00001ff0   0x00000048   Code   RO          526    .text.vPortEnterCritical  port.o
    0x00002038   0x00002038   0x0000003c   Code   RO          528    .text.vPortExitCritical  port.o
    0x00002074   0x00002074   0x000000de   Code   RO          548    .text.vPortFree     heap_4.o
    0x00002152   0x00002152   0x00000002   PAD
    0x00002154   0x00002154   0x00000030   Code   RO          642    .text.vQueueDelete  queue.o
    0x00002184   0x00002184   0x00000024   Code   RO          820    .text.vTaskInternalSetTimeOutState  tasks.o
    0x000021a8   0x000021a8   0x0000000e   Code   RO          824    .text.vTaskMissedYield  tasks.o
    0x000021b6   0x000021b6   0x00000002   PAD
    0x000021b8   0x000021b8   0x00000034   Code   RO          808    .text.vTaskPlaceOnEventList  tasks.o
    0x000021ec   0x000021ec   0x00000166   Code   RO          846    .text.vTaskPriorityDisinheritAfterTimeout  tasks.o
    0x00002352   0x00002352   0x00000002   PAD
    0x00002354   0x00002354   0x00000010   Code   RO          750    .text.vTaskSuspendAll  tasks.o
    0x00002364   0x00002364   0x00000138   Code   RO          772    .text.vTaskSwitchContext  tasks.o
    0x0000249c   0x0000249c   0x0000003e   Code   RO          530    .text.xPortSysTickHandler  port.o
    0x000024da   0x000024da   0x00000002   PAD
    0x000024dc   0x000024dc   0x00000026   Code   RO          590    .text.xQueueCreateMutex  queue.o
    0x00002502   0x00002502   0x00000002   PAD
    0x00002504   0x00002504   0x00000032   Code   RO          594    .text.xQueueCreateMutexStatic  queue.o
    0x00002536   0x00002536   0x00000002   PAD
    0x00002538   0x00002538   0x00000094   Code   RO          588    .text.xQueueGenericCreate  queue.o
    0x000025cc   0x000025cc   0x0000009e   Code   RO          582    .text.xQueueGenericCreateStatic  queue.o
    0x0000266a   0x0000266a   0x00000002   PAD
    0x0000266c   0x0000266c   0x000000ec   Code   RO          580    .text.xQueueGenericReset  queue.o
    0x00002758   0x00002758   0x000001f4   Code   RO          602    .text.xQueueGenericSend  queue.o
    0x0000294c   0x0000294c   0x000001e6   Code   RO          606    .text.xQueueSemaphoreTake  queue.o
    0x00002b32   0x00002b32   0x00000002   PAD
    0x00002b34   0x00002b34   0x000000e0   Code   RO          822    .text.xTaskCheckForTimeOut  tasks.o
    0x00002c14   0x00002c14   0x00000014   Code   RO          836    .text.xTaskGetCurrentTaskHandle  tasks.o
    0x00002c28   0x00002c28   0x00000038   Code   RO          840    .text.xTaskGetSchedulerState  tasks.o
    0x00002c60   0x00002c60   0x00000276   Code   RO          788    .text.xTaskIncrementTick  tasks.o
    0x00002ed6   0x00002ed6   0x00000002   PAD
    0x00002ed8   0x00002ed8   0x0000011e   Code   RO          844    .text.xTaskPriorityDisinherit  tasks.o
    0x00002ff6   0x00002ff6   0x00000002   PAD
    0x00002ff8   0x00002ff8   0x0000015c   Code   RO          842    .text.xTaskPriorityInherit  tasks.o
    0x00003154   0x00003154   0x000001a2   Code   RO          814    .text.xTaskRemoveFromEventList  tasks.o
    0x000032f6   0x000032f6   0x00000002   PAD
    0x000032f8   0x000032f8   0x00000248   Code   RO          754    .text.xTaskResumeAll  tasks.o
    0x00003540   0x00003540   0x0000002c   Code   RO         1093    locale$$code        c_w.l(lc_ctype_c.o)
    0x0000356c   0x0000356c   0x00000062   Code   RO         1010    x$fpl$d2f           fz_wm.l(d2f.o)
    0x000035ce   0x000035ce   0x00000002   PAD
    0x000035d0   0x000035d0   0x00000150   Code   RO         1012    x$fpl$dadd          fz_wm.l(daddsub_clz.o)
    0x00003720   0x00003720   0x00000018   Code   RO         1079    x$fpl$dcmpinf       fz_wm.l(dcmpi.o)
    0x00003738   0x00003738   0x00000078   Code   RO         1042    x$fpl$deqf          fz_wm.l(deqf.o)
    0x000037b0   0x000037b0   0x0000005e   Code   RO         1020    x$fpl$dfix          fz_wm.l(dfix.o)
    0x0000380e   0x0000380e   0x00000002   PAD
    0x00003810   0x00003810   0x00000078   Code   RO         1044    x$fpl$dgeqf         fz_wm.l(dgeqf.o)
    0x00003888   0x00003888   0x00000078   Code   RO         1046    x$fpl$dleqf         fz_wm.l(dleqf.o)
    0x00003900   0x00003900   0x00000154   Code   RO         1024    x$fpl$dmul          fz_wm.l(dmul.o)
    0x00003a54   0x00003a54   0x0000009c   Code   RO         1048    x$fpl$dnaninf       fz_wm.l(dnaninf.o)
    0x00003af0   0x00003af0   0x0000000c   Code   RO         1050    x$fpl$dretinf       fz_wm.l(dretinf.o)
    0x00003afc   0x00003afc   0x000001dc   Code   RO         1014    x$fpl$dsub          fz_wm.l(daddsub_clz.o)
    0x00003cd8   0x00003cd8   0x00000056   Code   RO         1026    x$fpl$f2d           fz_wm.l(f2d.o)
    0x00003d2e   0x00003d2e   0x00000054   Code   RO         1018    x$fpl$fcmp          fz_wm.l(dcmp.o)
    0x00003d82   0x00003d82   0x0000008c   Code   RO         1052    x$fpl$fnaninf       fz_wm.l(fnaninf.o)
    0x00003e0e   0x00003e0e   0x0000001a   Code   RO         1028    x$fpl$fpinit        fz_wm.l(fpinit.o)
    0x00003e28   0x00003e28   0x0000000a   Code   RO         1054    x$fpl$fretinf       fz_wm.l(fretinf.o)
    0x00003e32   0x00003e32   0x00000000   Code   RO         1056    x$fpl$usenofp       fz_wm.l(usenofp.o)
    0x00003e32   0x00003e32   0x000000cd   Data   RO           11    .rodata.str1.1      main.o
    0x00003eff   0x00003eff   0x00000001   PAD
    0x00003f00   0x00003f00   0x00000020   Data   RO         1234    Region$$Table       anon$$obj.o
    0x00003f20   0x00003f20   0x00000110   Data   RO         1092    locale$$data        c_w.l(lc_ctype_c.o)


    Execution Region ER_RW (Exec base: 0x20000000, Load base: 0x00004030, Size: 0x00000008, Max: 0xffffffff, ABSOLUTE)

    Exec Addr    Load Addr    Size         Type   Attr      Idx    E Section Name        Object

    0x20000000   0x00004030   0x00000004   Data   RW          443    .data.SystemCoreClock  system_nrf52.o
    0x20000004   0x00004034   0x00000004   Data   RW          536    .data.uxCriticalNesting  port.o


    Execution Region ER_ZI (Exec base: 0x20000008, Load base: 0x00004038, Size: 0x00006908, Max: 0xffffffff, ABSOLUTE)

    Exec Addr    Load Addr    Size         Type   Attr      Idx    E Section Name        Object

    0x20000008        -       0x00000060   Zero   RW         1058    .bss                c_w.l(libspace.o)
    0x20000068        -       0x00000190   Zero   RW          217    .bss.clib_mutex_cb  clib_os.o
    0x200001f8        -       0x00000014   Zero   RW          216    .bss.clib_mutex_id  clib_os.o
    0x2000020c        -       0x00000008   Zero   RW           12    .bss.cmd_buf        main.o
    0x20000214        -       0x00000004   Zero   RW           10    .bss.cmd_buf_len    main.o
    0x20000218        -       0x000001e0   Zero   RW          214    .bss.os_libspace    clib_os.o
    0x200003f8        -       0x00000010   Zero   RW          215    .bss.os_libspace_id  clib_os.o
    0x20000408        -       0x00000004   Zero   RW          878    .bss.pxCurrentTCB   tasks.o
    0x2000040c        -       0x00000004   Zero   RW          886    .bss.pxDelayedTaskList  tasks.o
    0x20000410        -       0x00000004   Zero   RW          566    .bss.pxEnd          heap_4.o
    0x20000414        -       0x00000004   Zero   RW          887    .bss.pxOverflowDelayedTaskList  tasks.o
    0x20000418        -       0x00000460   Zero   RW          890    .bss.pxReadyTasksLists  tasks.o
    0x20000878        -       0x00000010   Zero   RW          149    .bss.rx_map_data    radio.o
    0x20000888        -       0x00000010   Zero   RW          150    .bss.rx_packet      radio.o
    0x20000898        -       0x00000001   Zero   RW          147    .bss.rx_ready       radio.o
    0x20000899        -       0x00000010   Zero   RW          148    .bss.tx_packet      radio.o
    0x200008a9        -       0x00002000   Zero   RW          569    .bss.ucHeap         heap_4.o
    0x200028a9   0x00004038   0x00000003   PAD
    0x200028ac        -       0x00000004   Zero   RW          883    .bss.uxCurrentNumberOfTasks  tasks.o
    0x200028b0        -       0x00000004   Zero   RW          884    .bss.uxSchedulerSuspended  tasks.o
    0x200028b4        -       0x00000004   Zero   RW          891    .bss.uxTopReadyPriority  tasks.o
    0x200028b8        -       0x00000004   Zero   RW          567    .bss.xFreeBytesRemaining  heap_4.o
    0x200028bc        -       0x00000004   Zero   RW          570    .bss.xMinimumEverFreeBytesRemaining  heap_4.o
    0x200028c0        -       0x00000004   Zero   RW          893    .bss.xNextTaskUnblockTime  tasks.o
    0x200028c4        -       0x00000004   Zero   RW          897    .bss.xNumOfOverflows  tasks.o
    0x200028c8        -       0x00000004   Zero   RW          571    .bss.xNumberOfSuccessfulAllocations  heap_4.o
    0x200028cc        -       0x00000004   Zero   RW          572    .bss.xNumberOfSuccessfulFrees  heap_4.o
    0x200028d0        -       0x00000004   Zero   RW          896    .bss.xPendedTicks   tasks.o
    0x200028d4        -       0x00000014   Zero   RW          888    .bss.xPendingReadyList  tasks.o
    0x200028e8        -       0x00000004   Zero   RW          880    .bss.xSchedulerRunning  tasks.o
    0x200028ec        -       0x00000008   Zero   RW          568    .bss.xStart         heap_4.o
    0x200028f4        -       0x00000014   Zero   RW          889    .bss.xSuspendedTaskList  tasks.o
    0x20002908        -       0x00000004   Zero   RW          885    .bss.xTickCount     tasks.o
    0x2000290c        -       0x00000004   Zero   RW          892    .bss.xYieldPendings  tasks.o
    0x20002910        -       0x00002000   Zero   RW          416    HEAP                arm_startup_nrf52833.o
    0x20004910        -       0x00002000   Zero   RW          415    STACK               arm_startup_nrf52833.o


==============================================================================

Image component sizes


      Code (inc. data)   RO Data    RW Data    ZI Data      Debug   Object Name

        64         26        512          0      16384        936   arm_startup_nrf52833.o
       608          0          0          0        916       4286   clib_os.o
        46          0          0          0          0      29904   cmsis_os2.o
        94          0          0          0          0       2832   gpio.o
      1368          0          0          0       8220       4810   heap_4.o
       224          0          0          0          0       2326   list.o
       668          0        205          0         12       2160   main.o
       322          8          0          4          0       3715   port.o
       700         24          0          0          0       2056   printf.o
      2282          0          0          0          0      15485   queue.o
       700          0          0          0         49       6371   radio.o
       952          0          0          4          0       7658   system_nrf52.o
      3720          0          0          0       1208      28005   tasks.o
       224          0          0          0          0       2348   uart.o

    ----------------------------------------------------------------------
     12052         58        750          8      26792     112892   Object Totals
         0          0         32          0          0          0   (incl. Generated)
        80          0          1          0          3          0   (incl. Padding)

    ----------------------------------------------------------------------

      Code (inc. data)   RO Data    RW Data    ZI Data      Debug   Library Member Name

         8          0          0          0          0         68   __main.o
         0          0          0          0          0          0   __rtentry.o
        20          0          0          0          0          0   __rtentry2.o
         6          0          0          0          0          0   __rtentry4.o
        94          8          0          0          0          0   __scatter.o
        26          0          0          0          0          0   __scatter_copy.o
        28          0          0          0          0          0   __scatter_zi.o
        28          0          0          0          0         68   _chval.o
       158          0          0          0          0         92   _strtoul.o
        26          0          0          0          0         80   atoi.o
        18          0          0          0          0         80   exit.o
         6          0          0          0          0        152   heapauxi.o
         0          0          0          0          0          0   indicate_semi.o
        44         10        272          0          0         76   lc_ctype_c.o
         2          0          0          0          0          0   libinit.o
        24          0          0          0          0          0   libinit2.o
         2          0          0          0          0          0   libshutdown.o
         2          0          0          0          0          0   libshutdown2.o
         8          4          0          0         96         68   libspace.o
        16          4          0          0          0         76   rt_ctype_table.o
         4          0          0          0          0         68   rt_errno_addr_twolibspace.o
        10          0          0          0          0         76   rt_locale_twolibspace.o
       138          0          0          0          0         68   rt_memcpy_v6.o
       100          0          0          0          0         80   rt_memcpy_w.o
         2          0          0          0          0          0   rtexit.o
        10          0          0          0          0          0   rtexit2.o
       124          0          0          0          0         88   strcmpv7em.o
       112          0          0          0          0         88   strtol.o
        12          4          0          0          0         68   sys_exit.o
        74          0          0          0          0         80   sys_stackheap_outer.o
         2          0          0          0          0         68   use_no_semi.o
        98          4          0          0          0        140   d2f.o
       812         16          0          0          0        392   daddsub_clz.o
        84          0          0          0          0        244   dcmp.o
        24          0          0          0          0        116   dcmpi.o
       120          4          0          0          0        140   deqf.o
        94          4          0          0          0        140   dfix.o
       120          4          0          0          0        140   dgeqf.o
       120          4          0          0          0        140   dleqf.o
       340         12          0          0          0        152   dmul.o
       156          4          0          0          0        140   dnaninf.o
        12          0          0          0          0        116   dretinf.o
        86          4          0          0          0        132   f2d.o
       140          4          0          0          0        132   fnaninf.o
        26          0          0          0          0        116   fpinit.o
        10          0          0          0          0        116   fretinf.o
         0          0          0          0          0          0   usenofp.o

    ----------------------------------------------------------------------
      3358         90        272          0         96       3800   Library Totals
        12          0          0          0          0          0   (incl. Padding)

    ----------------------------------------------------------------------

      Code (inc. data)   RO Data    RW Data    ZI Data      Debug   Library Name

      1104         30        272          0         96       1444   c_w.l
      2242         60          0          0          0       2356   fz_wm.l

    ----------------------------------------------------------------------
      3358         90        272          0         96       3800   Library Totals

    ----------------------------------------------------------------------

==============================================================================


      Code (inc. data)   RO Data    RW Data    ZI Data      Debug   

     15410        148       1022          8      26888     114292   Grand Totals
     15410        148       1022          8      26888     114292   ELF Image Totals
     15410        148       1022          8          0          0   ROM Totals

==============================================================================

    Total RO  Size (Code + RO Data)                16432 (  16.05kB)
    Total RW  Size (RW Data + ZI Data)             26896 (  26.27kB)
    Total ROM Size (Code + RO Data + RW Data)      16440 (  16.05kB)

==============================================================================

